Component: ARM Compiler 5.06 update 6 (build 750) Tool: armlink [4d35ed]

==============================================================================

Section Cross References

    startup_stm32f10x_hd.o(RESET) refers to startup_stm32f10x_hd.o(STACK) for __initial_sp
    startup_stm32f10x_hd.o(RESET) refers to startup_stm32f10x_hd.o(.text) for Reset_Handler
    startup_stm32f10x_hd.o(RESET) refers to stm32f10x_it.o(.text) for NMI_Handler
    startup_stm32f10x_hd.o(.text) refers to system_stm32f10x.o(.text) for SystemInit
    startup_stm32f10x_hd.o(.text) refers to entry.o(.ARM.Collect$$$$00000000) for __main
    system_stm32f10x.o(.text) refers to system_stm32f10x.o(.data) for SystemCoreClock
    stm32f10x_adc.o(.text) refers to stm32f10x_rcc.o(.text) for RCC_APB2PeriphResetCmd
    stm32f10x_bkp.o(.text) refers to stm32f10x_rcc.o(.text) for RCC_BackupResetCmd
    stm32f10x_can.o(.text) refers to stm32f10x_rcc.o(.text) for RCC_APB1PeriphResetCmd
    stm32f10x_cec.o(.text) refers to stm32f10x_rcc.o(.text) for RCC_APB1PeriphResetCmd
    stm32f10x_dac.o(.text) refers to stm32f10x_rcc.o(.text) for RCC_APB1PeriphResetCmd
    stm32f10x_gpio.o(.text) refers to stm32f10x_rcc.o(.text) for RCC_APB2PeriphResetCmd
    stm32f10x_i2c.o(.text) refers to stm32f10x_rcc.o(.text) for RCC_APB1PeriphResetCmd
    stm32f10x_pwr.o(.text) refers to stm32f10x_rcc.o(.text) for RCC_APB1PeriphResetCmd
    stm32f10x_rcc.o(.text) refers to stm32f10x_rcc.o(.data) for APBAHBPrescTable
    stm32f10x_spi.o(.text) refers to stm32f10x_rcc.o(.text) for RCC_APB2PeriphResetCmd
    stm32f10x_tim.o(.text) refers to stm32f10x_rcc.o(.text) for RCC_APB2PeriphResetCmd
    stm32f10x_usart.o(.text) refers to stm32f10x_rcc.o(.text) for RCC_APB2PeriphResetCmd
    stm32f10x_wwdg.o(.text) refers to stm32f10x_rcc.o(.text) for RCC_APB1PeriphResetCmd
    main.o(.text) refers to f2d.o(.text) for __aeabi_f2d
    main.o(.text) refers to printfa.o(i.__0sprintf) for __2sprintf
    main.o(.text) refers to bluetooth.o(.text) for Bluetooth_SendString
    main.o(.text) refers to stm32f10x_usart.o(.text) for USART_GetFlagStatus
    main.o(.text) refers to debug.o(.text) for Debug_SendString
    main.o(.text) refers to strstr.o(.text) for strstr
    main.o(.text) refers to stm32f10x_gpio.o(.text) for GPIO_SetBits
    main.o(.text) refers to systick.o(.text) for SysTick_MyConfig
    main.o(.text) refers to led.o(.text) for LED_Config
    main.o(.text) refers to i2c_oled_analog.o(.text) for I2C_OLED_Config
    main.o(.text) refers to i2c_oled.o(.text) for I2C_OLED_CmdInit
    main.o(.text) refers to temp.o(.text) for Temp_GPIO_Config
    main.o(.text) refers to smog.o(.text) for Smog_ADC_Config
    main.o(.text) refers to light.o(.text) for Light_I2C_Config
    main.o(.text) refers to fan.o(.text) for Fan_Config
    main.o(.text) refers to speaker.o(.text) for Speaker_Config
    main.o(.text) refers to printfa.o(i.__0printf) for __2printf
    main.o(.text) refers to cdcmple.o(.text) for __aeabi_cdcmple
    main.o(.text) refers to cdrcmple.o(.text) for __aeabi_cdrcmple
    main.o(.text) refers to main.o(.data) for Debug_Flag
    main.o(.text) refers to main.o(.bss) for Receive
    main.o(.text) refers to main.o(.constdata) for __FUNCTION__
    stm32f10x_it.o(.text) refers to stm32f10x_usart.o(.text) for USART_GetFlagStatus
    stm32f10x_it.o(.text) refers to systick.o(.data) for SysTick_Num
    stm32f10x_it.o(.text) refers to stm32f10x_it.o(.data) for i
    stm32f10x_it.o(.text) refers to main.o(.bss) for Receive
    stm32f10x_it.o(.text) refers to main.o(.data) for Debug_Flag
    led.o(.text) refers to stm32f10x_rcc.o(.text) for RCC_APB2PeriphClockCmd
    led.o(.text) refers to stm32f10x_gpio.o(.text) for GPIO_Init
    debug.o(.text) refers to stm32f10x_rcc.o(.text) for RCC_APB2PeriphClockCmd
    debug.o(.text) refers to stm32f10x_usart.o(.text) for USART_Init
    debug.o(.text) refers to misc.o(.text) for NVIC_PriorityGroupConfig
    debug.o(.text) refers to stm32f10x_gpio.o(.text) for GPIO_Init
    light.o(.text) refers to stm32f10x_gpio.o(.text) for GPIO_ResetBits
    light.o(.text) refers to stm32f10x_rcc.o(.text) for RCC_APB2PeriphClockCmd
    light.o(.text) refers to printfa.o(i.__0printf) for __2printf
    light.o(.text) refers to dfltui.o(.text) for __aeabi_ui2d
    light.o(.text) refers to ddiv.o(.text) for __aeabi_ddiv
    light.o(.text) refers to d2f.o(.text) for __aeabi_d2f
    light.o(.text) refers to ffixi.o(.text) for __aeabi_f2iz
    light.o(.text) refers to light.o(.constdata) for __FUNCTION__
    i2c_oled.o(.text) refers to i2c_oled_analog.o(.text) for SendByte
    i2c_oled.o(.text) refers to printfa.o(i.__0printf) for __2printf
    i2c_oled.o(.text) refers to i2c_oled.o(.constdata) for __FUNCTION__
    i2c_oled.o(.text) refers to i2c_oled.o(.bss) for white
    i2c_oled.o(.text) refers to ffixi.o(.text) for __aeabi_f2iz
    i2c_oled.o(.text) refers to fmul.o(.text) for __aeabi_fmul
[...]
    temp.o(.text) refers to printfa.o(i.__0printf) for __2printf
    temp.o(.text) refers to temp.o(.constdata) for __FUNCTION__
    systick.o(.text) refers to printfa.o(i.__0printf) for __2printf
    systick.o(.text) refers to systick.o(.data) for SysTick_Num
    fan.o(.text) refers to stm32f10x_rcc.o(.text) for RCC_APB2PeriphClockCmd
    fan.o(.text) refers to stm32f10x_gpio.o(.text) for GPIO_Init
    speaker.o(.text) refers to stm32f10x_usart.o(.text) for USART_SendData
    speaker.o(.text) refers to stm32f10x_rcc.o(.text) for RCC_APB2PeriphClockCmd
    speaker.o(.text) refers to misc.o(.text) for NVIC_PriorityGroupConfig
    speaker.o(.text) refers to stm32f10x_gpio.o(.text) for GPIO_Init
    bluetooth.o(.text) refers to stm32f10x_rcc.o(.text) for RCC_APB2PeriphClockCmd
    bluetooth.o(.text) refers to misc.o(.text) for NVIC_PriorityGroupConfig
    bluetooth.o(.text) refers to stm32f10x_gpio.o(.text) for GPIO_Init
    bluetooth.o(.text) refers to stm32f10x_usart.o(.text) for USART_Init
    entry.o(.ARM.Collect$$$$00000000) refers (Special) to entry10a.o(.ARM.Collect$$$$0000000D) for __rt_final_cpp
    entry.o(.ARM.Collect$$$$00000000) refers (Special) to entry11a.o(.ARM.Collect$$$$0000000F) for __rt_final_exit
    entry.o(.ARM.Collect$$$$00000000) refers (Special) to entry7b.o(.ARM.Collect$$$$00000008) for _main_clock
    entry.o(.ARM.Collect$$$$00000000) refers (Special) to entry8b.o(.ARM.Collect$$$$0000000A) for _main_cpp_init
    entry.o(.ARM.Collect$$$$00000000) refers (Special) to entry9a.o(.ARM.Collect$$$$0000000B) for _main_init
    entry.o(.ARM.Collect$$$$00000000) refers (Special) to entry5.o(.ARM.Collect$$$$00000004) for _main_scatterload
    entry.o(.ARM.Collect$$$$00000000) refers (Special) to entry2.o(.ARM.Collect$$$$00000001) for _main_stk
    printfb.o(i.__0fprintf$bare) refers to printfb.o(i._printf_core) for _printf_core
    printfb.o(i.__0fprintf$bare) refers to debug.o(.text) for fputc
    printfb.o(i.__0printf$bare) refers to printfb.o(i._printf_core) for _printf_core
    printfb.o(i.__0printf$bare) refers to debug.o(.text) for fputc
    printfb.o(i.__0printf$bare) refers to stdout.o(.data) for __stdout
    printfb.o(i.__0snprintf$bare) refers to printfb.o(i._printf_core) for _printf_core
    printfb.o(i.__0snprintf$bare) refers to printfb.o(i._snputc) for _snputc
    printfb.o(i.__0sprintf$bare) refers to printfb.o(i._printf_core) for _printf_core
    printfb.o(i.__0sprintf$bare) refers to printfb.o(i._sputc) for _sputc
    printfb.o(i.__0vfprintf$bare) refers to printfb.o(i._printf_core) for _printf_core
    printfb.o(i.__0vfprintf$bare) refers to debug.o(.text) for fputc
    printfb.o(i.__0vprintf$bare) refers to printfb.o(i._printf_core) for _printf_core
    printfb.o(i.__0vprintf$bare) refers to debug.o(.text) for fputc
    printfb.o(i.__0vprintf$bare) refers to stdout.o(.data) for __stdout
    printfb.o(i.__0vsnprintf$bare) refers to printfb.o(i._printf_core) for _printf_core
    printfb.o(i.__0vsnprintf$bare) refers to printfb.o(i._snputc) for _snputc
    printfb.o(i.__0vsprintf$bare) refers to printfb.o(i._printf_core) for _printf_core
    printfb.o(i.__0vsprintf$bare) refers to printfb.o(i._sputc) for _sputc
    printf0.o(i.__0fprintf$0) refers to printf0.o(i._printf_core) for _printf_core
    printf0.o(i.__0fprintf$0) refers to debug.o(.text) for fputc
    printf0.o(i.__0printf$0) refers to printf0.o(i._printf_core) for _printf_core
    printf0.o(i.__0printf$0) refers to debug.o(.text) for fputc
    printf0.o(i.__0printf$0) refers to stdout.o(.data) for __stdout
    printf0.o(i.__0snprintf$0) refers to printf0.o(i._printf_core) for _printf_core
    printf0.o(i.__0snprintf$0) refers to printf0.o(i._snputc) for _snputc
    printf0.o(i.__0sprintf$0) refers to printf0.o(i._printf_core) for _printf_core
    printf0.o(i.__0sprintf$0) refers to printf0.o(i._sputc) for _sputc
    printf0.o(i.__0vfprintf$0) refers to printf0.o(i._printf_core) for _printf_core
    printf0.o(i.__0vfprintf$0) refers to debug.o(.text) for fputc
    printf0.o(i.__0vprintf$0) refers to printf0.o(i._printf_core) for _printf_core
    printf0.o(i.__0vprintf$0) refers to debug.o(.text) for fputc
    printf0.o(i.__0vprintf$0) refers to stdout.o(.data) for __stdout
    printf0.o(i.__0vsnprintf$0) refers to printf0.o(i._printf_core) for _printf_core
    printf0.o(i.__0vsnprintf$0) refers to printf0.o(i._snputc) for _snputc
    printf0.o(i.__0vsprintf$0) refers to printf0.o(i._printf_core) for _printf_core
    printf0.o(i.__0vsprintf$0) refers to printf0.o(i._sputc) for _sputc
    printf1.o(i.__0fprintf$1) refers to printf1.o(i._printf_core) for _printf_core
    printf1.o(i.__0fprintf$1) refers to debug.o(.text) for fputc
    printf1.o(i.__0printf$1) refers to printf1.o(i._printf_core) for _printf_core
    printf1.o(i.__0printf$1) refers to debug.o(.text) for fputc
    printf1.o(i.__0printf$1) refers to stdout.o(.data) for __stdout
    printf1.o(i.__0snprintf$1) refers to printf1.o(i._printf_core) for _printf_core
    printf1.o(i.__0snprintf$1) refers to printf1.o(i._snputc) for _snputc
    printf1.o(i.__0sprintf$1) refers to printf1.o(i._printf_core) for _printf_core
    printf1.o(i.__0sprintf$1) refers to printf1.o(i._sputc) for _sputc
    printf1.o(i.__0vfprintf$1) refers to printf1.o(i._printf_core) for _printf_core
    printf1.o(i.__0vfprintf$1) refers to debug.o(.text) for fputc
    printf1.o(i.__0vprintf$1) refers to printf1.o(i._printf_core) for _printf_core
    printf1.o(i.__0vprintf$1) refers to debug.o(.text) for fputc
    printf1.o(i.__0vprintf$1) refers to stdout.o(.data) for __stdout
    printf1.o(i.__0vsnprintf$1) refers to printf1.o(i._printf_core) for _printf_core
    printf1.o(i.__0vsnprintf$1) refers to printf1.o(i._snputc) for _snputc
    printf1.o(i.__0vsprintf$1) refers to printf1.o(i._printf_core) for _printf_core
    printf1.o(i.__0vsprintf$1) refers to printf1.o(i._sputc) for _sputc
    printf1.o(i._printf_core) refers to uidiv.o(.text) for __aeabi_uidivmod
    printf2.o(i.__0fprintf$2) refers to printf2.o(i._printf_core) for _printf_core
    printf2.o(i.__0fprintf$2) refers to debug.o(.text) for fputc
    printf2.o(i.__0printf$2) refers to printf2.o(i._printf_core) for _printf_core
    printf2.o(i.__0printf$2) refers to debug.o(.text) for fputc
    printf2.o(i.__0printf$2) refers to stdout.o(.data) for __stdout
    printf2.o(i.__0snprintf$2) refers to printf2.o(i._printf_core) for _printf_core
    printf2.o(i.__0snprintf$2) refers to printf2.o(i._snputc) for _snputc
    printf2.o(i.__0sprintf$2) refers to printf2.o(i._printf_core) for _printf_core
    printf2.o(i.__0sprintf$2) refers to printf2.o(i._sputc) for _sputc
    printf2.o(i.__0vfprintf$2) refers to printf2.o(i._printf_core) for _printf_core
    printf2.o(i.__0vfprintf$2) refers to debug.o(.text) for fputc
    printf2.o(i.__0vprintf$2) refers to printf2.o(i._printf_core) for _printf_core
    printf2.o(i.__0vprintf$2) refers to debug.o(.text) for fputc
    printf2.o(i.__0vprintf$2) refers to stdout.o(.data) for __stdout
    printf2.o(i.__0vsnprintf$2) refers to printf2.o(i._printf_core) for _printf_core
    printf2.o(i.__0vsnprintf$2) refers to printf2.o(i._snputc) for _snputc
    printf2.o(i.__0vsprintf$2) refers to printf2.o(i._printf_core) for _printf_core
    printf2.o(i.__0vsprintf$2) refers to printf2.o(i._sputc) for _sputc
    printf3.o(i.__0fprintf$3) refers to printf3.o(i._printf_core) for _printf_core
    printf3.o(i.__0fprintf$3) refers to debug.o(.text) for fputc
    printf3.o(i.__0printf$3) refers to printf3.o(i._printf_core) for _printf_core
    printf3.o(i.__0printf$3) refers to debug.o(.text) for fputc
    printf3.o(i.__0printf$3) refers to stdout.o(.data) for __stdout
    printf3.o(i.__0snprintf$3) refers to printf3.o(i._printf_core) for _printf_core
    printf3.o(i.__0snprintf$3) refers to printf3.o(i._snputc) for _snputc
    printf3.o(i.__0sprintf$3) refers to printf3.o(i._printf_core) for _printf_core
    printf3.o(i.__0sprintf$3) refers to printf3.o(i._sputc) for _sputc
    printf3.o(i.__0vfprintf$3) refers to printf3.o(i._printf_core) for _printf_core
    printf3.o(i.__0vfprintf$3) refers to debug.o(.text) for fputc
    printf3.o(i.__0vprintf$3) refers to printf3.o(i._printf_core) for _printf_core
    printf3.o(i.__0vprintf$3) refers to debug.o(.text) for fputc
    printf3.o(i.__0vprintf$3) refers to stdout.o(.data) for __stdout
    printf3.o(i.__0vsnprintf$3) refers to printf3.o(i._printf_core) for _printf_core
    printf3.o(i.__0vsnprintf$3) refers to printf3.o(i._snputc) for _snputc
    printf3.o(i.__0vsprintf$3) refers to printf3.o(i._printf_core) for _printf_core
    printf3.o(i.__0vsprintf$3) refers to printf3.o(i._sputc) for _sputc
    printf3.o(i._printf_core) refers to uidiv.o(.text) for __aeabi_uidivmod
    printf4.o(i.__0fprintf$4) refers to printf4.o(i._printf_core) for _printf_core
    printf4.o(i.__0fprintf$4) refers to debug.o(.text) for fputc
    printf4.o(i.__0printf$4) refers to printf4.o(i._printf_core) for _printf_core
    printf4.o(i.__0printf$4) refers to debug.o(.text) for fputc
    printf4.o(i.__0printf$4) refers to stdout.o(.data) for __stdout
    printf4.o(i.__0snprintf$4) refers to printf4.o(i._printf_core) for _printf_core
    printf4.o(i.__0snprintf$4) refers to printf4.o(i._snputc) for _snputc
    printf4.o(i.__0sprintf$4) refers to printf4.o(i._printf_core) for _printf_core
    printf4.o(i.__0sprintf$4) refers to printf4.o(i._sputc) for _sputc
    printf4.o(i.__0vfprintf$4) refers to printf4.o(i._printf_core) for _printf_core
    printf4.o(i.__0vfprintf$4) refers to debug.o(.text) for fputc
    printf4.o(i.__0vprintf$4) refers to printf4.o(i._printf_core) for _printf_core
    printf4.o(i.__0vprintf$4) refers to debug.o(.text) for fputc
    printf4.o(i.__0vprintf$4) refers to stdout.o(.data) for __stdout
    printf4.o(i.__0vsnprintf$4) refers to printf4.o(i._printf_core) for _printf_core
    printf4.o(i.__0vsnprintf$4) refers to printf4.o(i._snputc) for _snputc
    printf4.o(i.__0vsprintf$4) refers to printf4.o(i._printf_core) for _printf_core
    printf4.o(i.__0vsprintf$4) refers to printf4.o(i._sputc) for _sputc
    printf4.o(i._printf_core) refers to uldiv.o(.text) for __aeabi_uldivmod
    printf5.o(i.__0fprintf$5) refers to printf5.o(i._printf_core) for _printf_core
    printf5.o(i.__0fprintf$5) refers to debug.o(.text) for fputc
    printf5.o(i.__0printf$5) refers to printf5.o(i._printf_core) for _printf_core
    printf5.o(i.__0printf$5) refers to debug.o(.text) for fputc
    printf5.o(i.__0printf$5) refers to stdout.o(.data) for __stdout
    printf5.o(i.__0snprintf$5) refers to printf5.o(i._printf_core) for _printf_core
    printf5.o(i.__0snprintf$5) refers to printf5.o(i._snputc) for _snputc
    printf5.o(i.__0sprintf$5) refers to printf5.o(i._printf_core) for _printf_core
    printf5.o(i.__0sprintf$5) refers to printf5.o(i._sputc) for _sputc
    printf5.o(i.__0vfprintf$5) refers to printf5.o(i._printf_core) for _printf_core
    printf5.o(i.__0vfprintf$5) refers to debug.o(.text) for fputc
    printf5.o(i.__0vprintf$5) refers to printf5.o(i._printf_core) for _printf_core
    printf5.o(i.__0vprintf$5) refers to debug.o(.text) for fputc
    printf5.o(i.__0vprintf$5) refers to stdout.o(.data) for __stdout
    printf5.o(i.__0vsnprintf$5) refers to printf5.o(i._printf_core) for _printf_core
    printf5.o(i.__0vsnprintf$5) refers to printf5.o(i._snputc) for _snputc
    printf5.o(i.__0vsprintf$5) refers to printf5.o(i._printf_core) for _printf_core
    printf5.o(i.__0vsprintf$5) refers to printf5.o(i._sputc) for _sputc
    printf5.o(i._printf_core) refers to uldiv.o(.text) for __aeabi_uldivmod
    printf6.o(i.__0fprintf$6) refers to printf6.o(i._printf_core) for _printf_core
    printf6.o(i.__0fprintf$6) refers to debug.o(.text) for fputc
    printf6.o(i.__0printf$6) refers to printf6.o(i._printf_core) for _printf_core
    printf6.o(i.__0printf$6) refers to debug.o(.text) for fputc
    printf6.o(i.__0printf$6) refers to stdout.o(.data) for __stdout
    printf6.o(i.__0snprintf$6) refers to printf6.o(i._printf_core) for _printf_core
    printf6.o(i.__0snprintf$6) refers to printf6.o(i._snputc) for _snputc
    printf6.o(i.__0sprintf$6) refers to printf6.o(i._printf_core) for _printf_core
    printf6.o(i.__0sprintf$6) refers to printf6.o(i._sputc) for _sputc
    printf6.o(i.__0vfprintf$6) refers to printf6.o(i._printf_core) for _printf_core
    printf6.o(i.__0vfprintf$6) refers to debug.o(.text) for fputc
    printf6.o(i.__0vprintf$6) refers to printf6.o(i._printf_core) for _printf_core
    printf6.o(i.__0vprintf$6) refers to debug.o(.text) for fputc
    printf6.o(i.__0vprintf$6) refers to stdout.o(.data) for __stdout
    printf6.o(i.__0vsnprintf$6) refers to printf6.o(i._printf_core) for _printf_core
    printf6.o(i.__0vsnprintf$6) refers to printf6.o(i._snputc) for _snputc
    printf6.o(i.__0vsprintf$6) refers to printf6.o(i._printf_core) for _printf_core
    printf6.o(i.__0vsprintf$6) refers to printf6.o(i._sputc) for _sputc
    printf6.o(i._printf_core) refers to printf6.o(i._printf_pre_padding) for _printf_pre_padding
    printf6.o(i._printf_core) refers to uidiv.o(.text) for __aeabi_uidivmod
    printf6.o(i._printf_core) refers to printf6.o(i._printf_post_padding) for _printf_post_padding
    printf7.o(i.__0fprintf$7) refers to printf7.o(i._printf_core) for _printf_core
    printf7.o(i.__0fprintf$7) refers to debug.o(.text) for fputc
    printf7.o(i.__0printf$7) refers to printf7.o(i._printf_core) for _printf_core
    printf7.o(i.__0printf$7) refers to debug.o(.text) for fputc
    printf7.o(i.__0printf$7) refers to stdout.o(.data) for __stdout
    printf7.o(i.__0snprintf$7) refers to printf7.o(i._printf_core) for _printf_core
    printf7.o(i.__0snprintf$7) refers to printf7.o(i._snputc) for _snputc
    printf7.o(i.__0sprintf$7) refers to printf7.o(i._printf_core) for _printf_core
    printf7.o(i.__0sprintf$7) refers to printf7.o(i._sputc) for _sputc
    printf7.o(i.__0vfprintf$7) refers to printf7.o(i._printf_core) for _printf_core
    printf7.o(i.__0vfprintf$7) refers to debug.o(.text) for fputc
    printf7.o(i.__0vprintf$7) refers to printf7.o(i._printf_core) for _printf_core
    printf7.o(i.__0vprintf$7) refers to debug.o(.text) for fputc
    printf7.o(i.__0vprintf$7) refers to stdout.o(.data) for __stdout
    printf7.o(i.__0vsnprintf$7) refers to printf7.o(i._printf_core) for _printf_core
    printf7.o(i.__0vsnprintf$7) refers to printf7.o(i._snputc) for _snputc
    printf7.o(i.__0vsprintf$7) refers to printf7.o(i._printf_core) for _printf_core
    printf7.o(i.__0vsprintf$7) refers to printf7.o(i._sputc) for _sputc
    printf7.o(i._printf_core) refers to printf7.o(i._printf_pre_padding) for _printf_pre_padding
    printf7.o(i._printf_core) refers to uldiv.o(.text) for __aeabi_uldivmod
    printf7.o(i._printf_core) refers to printf7.o(i._printf_post_padding) for _printf_post_padding
    printf8.o(i.__0fprintf$8) refers to printf8.o(i._printf_core) for _printf_core
    printf8.o(i.__0fprintf$8) refers to debug.o(.text) for fputc
    printf8.o(i.__0printf$8) refers to printf8.o(i._printf_core) for _printf_core
    printf8.o(i.__0printf$8) refers to debug.o(.text) for fputc
    printf8.o(i.__0printf$8) refers to stdout.o(.data) for __stdout
    printf8.o(i.__0snprintf$8) refers to printf8.o(i._printf_core) for _printf_core
    printf8.o(i.__0snprintf$8) refers to printf8.o(i._snputc) for _snputc
    printf8.o(i.__0sprintf$8) refers to printf8.o(i._printf_core) for _printf_core
    printf8.o(i.__0sprintf$8) refers to printf8.o(i._sputc) for _sputc
    printf8.o(i.__0vfprintf$8) refers to printf8.o(i._printf_core) for _printf_core
    printf8.o(i.__0vfprintf$8) refers to debug.o(.text) for fputc
    printf8.o(i.__0vprintf$8) refers to printf8.o(i._printf_core) for _printf_core
    printf8.o(i.__0vprintf$8) refers to debug.o(.text) for fputc
    printf8.o(i.__0vprintf$8) refers to stdout.o(.data) for __stdout
    printf8.o(i.__0vsnprintf$8) refers to printf8.o(i._printf_core) for _printf_core
    printf8.o(i.__0vsnprintf$8) refers to printf8.o(i._snputc) for _snputc
    printf8.o(i.__0vsprintf$8) refers to printf8.o(i._printf_core) for _printf_core
    printf8.o(i.__0vsprintf$8) refers to printf8.o(i._sputc) for _sputc
    printf8.o(i._printf_core) refers to printf8.o(i._printf_pre_padding) for _printf_pre_padding
    printf8.o(i._printf_core) refers to uldiv.o(.text) for __aeabi_uldivmod
    printf8.o(i._printf_core) refers to printf8.o(i._printf_post_padding) for _printf_post_padding
    printfa.o(i.__0fprintf) refers (Special) to iusefp.o(.text) for __I$use$fp
    printfa.o(i.__0fprintf) refers to printfa.o(i._printf_core) for _printf_core
    printfa.o(i.__0fprintf) refers to debug.o(.text) for fputc
    printfa.o(i.__0printf) refers (Special) to iusefp.o(.text) for __I$use$fp
    printfa.o(i.__0printf) refers to printfa.o(i._printf_core) for _printf_core
    printfa.o(i.__0printf) refers to debug.o(.text) for fputc
    printfa.o(i.__0printf) refers to stdout.o(.data) for __stdout
    printfa.o(i.__0snprintf) refers (Special) to iusefp.o(.text) for __I$use$fp
    printfa.o(i.__0snprintf) refers to printfa.o(i._printf_core) for _printf_core
    printfa.o(i.__0snprintf) refers to printfa.o(i._snputc) for _snputc
    printfa.o(i.__0sprintf) refers (Special) to iusefp.o(.text) for __I$use$fp
    printfa.o(i.__0sprintf) refers to printfa.o(i._printf_core) for _printf_core
    printfa.o(i.__0sprintf) refers to printfa.o(i._sputc) for _sputc
    printfa.o(i.__0vfprintf) refers (Special) to iusefp.o(.text) for __I$use$fp
    printfa.o(i.__0vfprintf) refers to printfa.o(i._printf_core) for _printf_core
    printfa.o(i.__0vfprintf) refers to debug.o(.text) for fputc
    printfa.o(i.__0vprintf) refers (Special) to iusefp.o(.text) for __I$use$fp
    printfa.o(i.__0vprintf) refers to printfa.o(i._printf_core) for _printf_core
    printfa.o(i.__0vprintf) refers to debug.o(.text) for fputc
    printfa.o(i.__0vprintf) refers to stdout.o(.data) for __stdout
    printfa.o(i.__0vsnprintf) refers (Special) to iusefp.o(.text) for __I$use$fp
    printfa.o(i.__0vsnprintf) refers to printfa.o(i._printf_core) for _printf_core
    printfa.o(i.__0vsnprintf) refers to printfa.o(i._snputc) for _snputc
    printfa.o(i.__0vsprintf) refers (Special) to iusefp.o(.text) for __I$use$fp
    printfa.o(i.__0vsprintf) refers to printfa.o(i._printf_core) for _printf_core
    printfa.o(i.__0vsprintf) refers to printfa.o(i._sputc) for _sputc
    printfa.o(i._fp_digits) refers (Special) to iusefp.o(.text) for __I$use$fp
    printfa.o(i._fp_digits) refers to dmul.o(.text) for __aeabi_dmul
    printfa.o(i._fp_digits) refers to ddiv.o(.text) for __aeabi_ddiv
    printfa.o(i._fp_digits) refers to cdrcmple.o(.text) for __aeabi_cdrcmple
    printfa.o(i._fp_digits) refers to dadd.o(.text) for __aeabi_dadd
    printfa.o(i._fp_digits) refers to dfixul.o(.text) for __aeabi_d2ulz
    printfa.o(i._fp_digits) refers to uldiv.o(.text) for __aeabi_uldivmod
    printfa.o(i._printf_core) refers (Special) to iusefp.o(.text) for __I$use$fp
    printfa.o(i._printf_core) refers to printfa.o(i._printf_pre_padding) for _printf_pre_padding
    printfa.o(i._printf_core) refers to uldiv.o(.text) for __aeabi_uldivmod
    printfa.o(i._printf_core) refers to printfa.o(i._printf_post_padding) for _printf_post_padding
    printfa.o(i._printf_core) refers to printfa.o(i._fp_digits) for _fp_digits
    printfa.o(i._printf_core) refers to uidiv.o(.text) for __aeabi_uidivmod
    printfa.o(i._printf_post_padding) refers (Special) to iusefp.o(.text) for __I$use$fp
    printfa.o(i._printf_pre_padding) refers (Special) to iusefp.o(.text) for __I$use$fp
    printfa.o(i._snputc) refers (Special) to iusefp.o(.text) for __I$use$fp
    printfa.o(i._sputc) refers (Special) to iusefp.o(.text) for __I$use$fp
    fmul.o(.text) refers (Special) to iusefp.o(.text) for __I$use$fp
    fdiv.o(.text) refers (Special) to iusefp.o(.text) for __I$use$fp
    fdiv.o(.text) refers to fepilogue.o(.text) for _float_round
    dmul.o(.text) refers (Special) to iusefp.o(.text) for __I$use$fp
    dmul.o(.text) refers to depilogue.o(.text) for _double_epilogue
    ddiv.o(.text) refers (Special) to iusefp.o(.text) for __I$use$fp
    ddiv.o(.text) refers to depilogue.o(.text) for _double_round
    ffltui.o(.text) refers (Special) to iusefp.o(.text) for __I$use$fp
    ffltui.o(.text) refers to fepilogue.o(.text) for _float_epilogue
    dfltui.o(.text) refers (Special) to iusefp.o(.text) for __I$use$fp
    dfltui.o(.text) refers to depilogue.o(.text) for _double_epilogue
    ffixi.o(.text) refers (Special) to iusefp.o(.text) for __I$use$fp
    f2d.o(.text) refers (Special) to iusefp.o(.text) for __I$use$fp
    cdcmple.o(.text) refers (Special) to iusefp.o(.text) for __I$use$fp
    cdrcmple.o(.text) refers (Special) to iusefp.o(.text) for __I$use$fp
    d2f.o(.text) refers (Special) to iusefp.o(.text) for __I$use$fp
    d2f.o(.text) refers to fepilogue.o(.text) for _float_round
    entry2.o(.ARM.Collect$$$$00000001) refers to entry2.o(.ARM.Collect$$$$00002712) for __lit__00000000
    entry2.o(.ARM.Collect$$$$00002712) refers to startup_stm32f10x_hd.o(STACK) for __initial_sp
    entry2.o(__vectab_stack_and_reset_area) refers to startup_stm32f10x_hd.o(STACK) for __initial_sp
    entry2.o(__vectab_stack_and_reset_area) refers to entry.o(.ARM.Collect$$$$00000000) for __main
    entry5.o(.ARM.Collect$$$$00000004) refers to init.o(.text) for __scatterload
    entry9a.o(.ARM.Collect$$$$0000000B) refers to main.o(.text) for main
    entry9b.o(.ARM.Collect$$$$0000000C) refers to main.o(.text) for main
    uldiv.o(.text) refers to llushr.o(.text) for __aeabi_llsr
    uldiv.o(.text) refers to llshl.o(.text) for __aeabi_llsl
    depilogue.o(.text) refers to llshl.o(.text) for __aeabi_llsl
    depilogue.o(.text) refers to llushr.o(.text) for __aeabi_llsr
    dadd.o(.text) refers to llshl.o(.text) for __aeabi_llsl
    dadd.o(.text) refers to llsshr.o(.text) for __aeabi_lasr
    dadd.o(.text) refers to depilogue.o(.text) for _double_epilogue
    dfixul.o(.text) refers to llushr.o(.text) for __aeabi_llsr
    dfixul.o(.text) refers to llshl.o(.text) for __aeabi_llsl
    init.o(.text) refers to entry5.o(.ARM.Collect$$$$00000004) for __main_after_scatterload


==============================================================================

Removing Unused input sections from the image.

    Removing startup_stm32f10x_hd.o(HEAP), (512 bytes).
    Removing core_cm3.o(.emb_text), (32 bytes).
    Removing stm32f10x_bkp.o(.text), (196 bytes).
    Removing stm32f10x_can.o(.text), (2544 bytes).
    Removing stm32f10x_cec.o(.text), (288 bytes).
    Removing stm32f10x_crc.o(.text), (72 bytes).
    Removing stm32f10x_dac.o(.text), (396 bytes).
    Removing stm32f10x_dbgmcu.o(.text), (48 bytes).
    Removing stm32f10x_dma.o(.text), (596 bytes).
    Removing stm32f10x_exti.o(.text), (284 bytes).
    Removing stm32f10x_flash.o(.text), (1468 bytes).
    Removing stm32f10x_fsmc.o(.text), (1548 bytes).
    Removing stm32f10x_i2c.o(.text), (1028 bytes).
    Removing stm32f10x_iwdg.o(.text), (64 bytes).
    Removing stm32f10x_pwr.o(.text), (204 bytes).
    Removing stm32f10x_rtc.o(.text), (328 bytes).
    Removing stm32f10x_sdio.o(.text), (468 bytes).
    Removing stm32f10x_spi.o(.text), (780 bytes).
    Removing stm32f10x_tim.o(.text), (3610 bytes).
    Removing stm32f10x_wwdg.o(.text), (136 bytes).

20 unused section(s) (total 14602 bytes) removed from the image.

==============================================================================

Image Symbol Table

    Local Symbols

    Symbol Name                              Value     Ov Type        Size  Object(Section)

    ../clib/microlib/division.c              0x00000000   Number         0  uldiv.o ABSOLUTE
    ../clib/microlib/division.c              0x00000000   Number         0  uidiv.o ABSOLUTE
    ../clib/microlib/init/entry.s            0x00000000   Number         0  entry9b.o ABSOLUTE
    ../clib/microlib/init/entry.s            0x00000000   Number         0  entry11b.o ABSOLUTE
    ../clib/microlib/init/entry.s            0x00000000   Number         0  entry11a.o ABSOLUTE
    ../clib/microlib/init/entry.s            0x00000000   Number         0  entry10b.o ABSOLUTE
    ../clib/microlib/init/entry.s            0x00000000   Number         0  entry10a.o ABSOLUTE
    ../clib/microlib/init/entry.s            0x00000000   Number         0  entry7a.o ABSOLUTE
    ../clib/microlib/init/entry.s            0x00000000   Number         0  entry9a.o ABSOLUTE
    ../clib/microlib/init/entry.s            0x00000000   Number         0  entry8b.o ABSOLUTE
    ../clib/microlib/init/entry.s            0x00000000   Number         0  entry8a.o ABSOLUTE
    ../clib/microlib/init/entry.s            0x00000000   Number         0  entry2.o ABSOLUTE
    ../clib/microlib/init/entry.s            0x00000000   Number         0  entry7b.o ABSOLUTE
    ../clib/microlib/init/entry.s            0x00000000   Number         0  entry.o ABSOLUTE
    ../clib/microlib/init/entry.s            0x00000000   Number         0  entry5.o ABSOLUTE
    ../clib/microlib/longlong.c              0x00000000   Number         0  llsshr.o ABSOLUTE
    ../clib/microlib/longlong.c              0x00000000   Number         0  llushr.o ABSOLUTE
    ../clib/microlib/longlong.c              0x00000000   Number         0  llshl.o ABSOLUTE
    ../clib/microlib/printf/printf.c         0x00000000   Number         0  printf8.o ABSOLUTE
    ../clib/microlib/printf/printf.c         0x00000000   Number         0  printf2.o ABSOLUTE
    ../clib/microlib/printf/printf.c         0x00000000   Number         0  printf3.o ABSOLUTE
    ../clib/microlib/printf/printf.c         0x00000000   Number         0  printf4.o ABSOLUTE
    ../clib/microlib/printf/printf.c         0x00000000   Number         0  printf5.o ABSOLUTE
    ../clib/microlib/printf/printf.c         0x00000000   Number         0  printf6.o ABSOLUTE
    ../clib/microlib/printf/printf.c         0x00000000   Number         0  printf7.o ABSOLUTE
    ../clib/microlib/printf/printf.c         0x00000000   Number         0  printfa.o ABSOLUTE
    ../clib/microlib/printf/printf.c         0x00000000   Number         0  printfb.o ABSOLUTE
    ../clib/microlib/printf/printf.c         0x00000000   Number         0  printf0.o ABSOLUTE
    ../clib/microlib/printf/printf.c         0x00000000   Number         0  printf1.o ABSOLUTE
    ../clib/microlib/printf/stubs.s          0x00000000   Number         0  stubs.o ABSOLUTE
    ../clib/microlib/stdio/streams.c         0x00000000   Number         0  stdout.o ABSOLUTE
    ../clib/microlib/string/strstr.c         0x00000000   Number         0  strstr.o ABSOLUTE
    ../clib/microlib/stubs.s                 0x00000000   Number         0  iusefp.o ABSOLUTE
    ../fplib/microlib/d2f.c                  0x00000000   Number         0  d2f.o ABSOLUTE
    ../fplib/microlib/f2d.c                  0x00000000   Number         0  f2d.o ABSOLUTE
    ../fplib/microlib/fpadd.c                0x00000000   Number         0  dadd.o ABSOLUTE
    ../fplib/microlib/fpdiv.c                0x00000000   Number         0  fdiv.o ABSOLUTE
    ../fplib/microlib/fpdiv.c                0x00000000   Number         0  ddiv.o ABSOLUTE
    ../fplib/microlib/fpepilogue.c           0x00000000   Number         0  depilogue.o ABSOLUTE
    ../fplib/microlib/fpepilogue.c           0x00000000   Number         0  fepilogue.o ABSOLUTE
    ../fplib/microlib/fpfix.c                0x00000000   Number         0  ffixi.o ABSOLUTE
    ../fplib/microlib/fpfix.c                0x00000000   Number         0  dfixul.o ABSOLUTE
    ../fplib/microlib/fpflt.c                0x00000000   Number         0  ffltui.o ABSOLUTE
    ../fplib/microlib/fpflt.c                0x00000000   Number         0  dfltui.o ABSOLUTE
    ../fplib/microlib/fpmul.c                0x00000000   Number         0  dmul.o ABSOLUTE
    ../fplib/microlib/fpmul.c                0x00000000   Number         0  fmul.o ABSOLUTE
    ..\Libraries\CMSIS\core_cm3.c            0x00000000   Number         0  core_cm3.o ABSOLUTE
    ..\Libraries\CMSIS\startup\startup_stm32f10x_hd.s 0x00000000   Number         0  startup_stm32f10x_hd.o ABSOLUTE
    ..\Libraries\CMSIS\system_stm32f10x.c    0x00000000   Number         0  system_stm32f10x.o ABSOLUTE
    ..\Libraries\STM32F10x_StdPeriph_Driver\src\misc.c 0x00000000   Number         0  misc.o ABSOLUTE
    ..\Libraries\STM32F10x_StdPeriph_Driver\src\stm32f10x_adc.c 0x00000000   Number         0  stm32f10x_adc.o ABSOLUTE
    ..\Libraries\STM32F10x_StdPeriph_Driver\src\stm32f10x_bkp.c 0x00000000   Number         0  stm32f10x_bkp.o ABSOLUTE
    ..\Libraries\STM32F10x_StdPeriph_Driver\src\stm32f10x_can.c 0x00000000   Number         0  stm32f10x_can.o ABSOLUTE
    ..\Libraries\STM32F10x_StdPeriph_Driver\src\stm32f10x_cec.c 0x00000000   Number         0  stm32f10x_cec.o ABSOLUTE
    ..\Libraries\STM32F10x_StdPeriph_Driver\src\stm32f10x_crc.c 0x00000000   Number         0  stm32f10x_crc.o ABSOLUTE
    ..\Libraries\STM32F10x_StdPeriph_Driver\src\stm32f10x_dac.c 0x00000000   Number         0  stm32f10x_dac.o ABSOLUTE
    ..\Libraries\STM32F10x_StdPeriph_Driver\src\stm32f10x_dbgmcu.c 0x00000000   Number         0  stm32f10x_dbgmcu.o ABSOLUTE
    ..\Libraries\STM32F10x_StdPeriph_Driver\src\stm32f10x_dma.c 0x00000000   Number         0  stm32f10x_dma.o ABSOLUTE
    ..\Libraries\STM32F10x_StdPeriph_Driver\src\stm32f10x_exti.c 0x00000000   Number         0  stm32f10x_exti.o ABSOLUTE
    ..\Libraries\STM32F10x_StdPeriph_Driver\src\stm32f10x_flash.c 0x00000000   Number         0  stm32f10x_flash.o ABSOLUTE
    ..\Libraries\STM32F10x_StdPeriph_Driver\src\stm32f10x_fsmc.c 0x00000000   Number         0  stm32f10x_fsmc.o ABSOLUTE
    ..\Libraries\STM32F10x_StdPeriph_Driver\src\stm32f10x_gpio.c 0x00000000   Number         0  stm32f10x_gpio.o ABSOLUTE
    ..\Libraries\STM32F10x_StdPeriph_Driver\src\stm32f10x_i2c.c 0x00000000   Number         0  stm32f10x_i2c.o ABSOLUTE
    ..\Libraries\STM32F10x_StdPeriph_Driver\src\stm32f10x_iwdg.c 0x00000000   Number         0  stm32f10x_iwdg.o ABSOLUTE
    ..\Libraries\STM32F10x_StdPeriph_Driver\src\stm32f10x_pwr.c 0x00000000   Number         0  stm32f10x_pwr.o ABSOLUTE
    ..\Libraries\STM32F10x_StdPeriph_Driver\src\stm32f10x_rcc.c 0x00000000   Number         0  stm32f10x_rcc.o ABSOLUTE
    ..\Libraries\STM32F10x_StdPeriph_Driver\src\stm32f10x_rtc.c 0x00000000   Number         0  stm32f10x_rtc.o ABSOLUTE
    ..\Libraries\STM32F10x_StdPeriph_Driver\src\stm32f10x_sdio.c 0x00000000   Number         0  stm32f10x_sdio.o ABSOLUTE
    ..\Libraries\STM32F10x_StdPeriph_Driver\src\stm32f10x_spi.c 0x00000000   Number         0  stm32f10x_spi.o ABSOLUTE
    ..\Libraries\STM32F10x_StdPeriph_Driver\src\stm32f10x_tim.c 0x00000000   Number         0  stm32f10x_tim.o ABSOLUTE
    ..\Libraries\STM32F10x_StdPeriph_Driver\src\stm32f10x_usart.c 0x00000000   Number         0  stm32f10x_usart.o ABSOLUTE
    ..\Libraries\STM32F10x_StdPeriph_Driver\src\stm32f10x_wwdg.c 0x00000000   Number         0  stm32f10x_wwdg.o ABSOLUTE
    ..\User\LED\led.c                        0x00000000   Number         0  led.o ABSOLUTE
    ..\User\bluetooth\bluetooth.c            0x00000000   Number         0  bluetooth.o ABSOLUTE
    ..\User\debug\debug.c                    0x00000000   Number         0  debug.o ABSOLUTE
    ..\User\fan\fan.c                        0x00000000   Number         0  fan.o ABSOLUTE
    ..\User\light\light.c                    0x00000000   Number         0  light.o ABSOLUTE
    ..\User\main.c                           0x00000000   Number         0  main.o ABSOLUTE
    ..\User\oled\i2c_oled.c                  0x00000000   Number         0  i2c_oled.o ABSOLUTE
    ..\User\oled\i2c_oled_analog.c           0x00000000   Number         0  i2c_oled_analog.o ABSOLUTE
    ..\User\smog\smog.c                      0x00000000   Number         0  smog.o ABSOLUTE
    ..\User\speaker\speaker.c                0x00000000   Number         0  speaker.o ABSOLUTE
    ..\User\stm32f10x_it.c                   0x00000000   Number         0  stm32f10x_it.o ABSOLUTE
    ..\User\systick\systick.c                0x00000000   Number         0  systick.o ABSOLUTE
    ..\User\temp\temp.c                      0x00000000   Number         0  temp.o ABSOLUTE
    ..\\Libraries\\CMSIS\\core_cm3.c         0x00000000   Number         0  core_cm3.o ABSOLUTE
    cdcmple.s                                0x00000000   Number         0  cdcmple.o ABSOLUTE
    cdrcmple.s                               0x00000000   Number         0  cdrcmple.o ABSOLUTE
    dc.s                                     0x00000000   Number         0  dc.o ABSOLUTE
    handlers.s                               0x00000000   Number         0  handlers.o ABSOLUTE
    init.s                                   0x00000000   Number         0  init.o ABSOLUTE
    RESET                                    0x08000000   Section      304  startup_stm32f10x_hd.o(RESET)
    .ARM.Collect$$$$00000000                 0x08000130   Section        0  entry.o(.ARM.Collect$$$$00000000)
    .ARM.Collect$$$$00000001                 0x08000130   Section        4  entry2.o(.ARM.Collect$$$$00000001)
    .ARM.Collect$$$$00000004                 0x08000134   Section        4  entry5.o(.ARM.Collect$$$$00000004)
    .ARM.Collect$$$$00000008                 0x08000138   Section        0  entry7b.o(.ARM.Collect$$$$00000008)
    .ARM.Collect$$$$0000000A                 0x08000138   Section        0  entry8b.o(.ARM.Collect$$$$0000000A)
    .ARM.Collect$$$$0000000B                 0x08000138   Section        8  entry9a.o(.ARM.Collect$$$$0000000B)
    .ARM.Collect$$$$0000000D                 0x08000140   Section        0  entry10a.o(.ARM.Collect$$$$0000000D)
    .ARM.Collect$$$$0000000F                 0x08000140   Section        0  entry11a.o(.ARM.Collect$$$$0000000F)
    .ARM.Collect$$$$00002712                 0x08000140   Section        4  entry2.o(.ARM.Collect$$$$00002712)
    __lit__00000000                          0x08000140   Data           4  entry2.o(.ARM.Collect$$$$00002712)
    .text                                    0x08000144   Section       36  startup_stm32f10x_hd.o(.text)
    .text                                    0x08000168   Section        0  system_stm32f10x.o(.text)
    SetSysClockTo72                          0x08000169   Thumb Code   214  system_stm32f10x.o(.text)
    SetSysClock                              0x0800023f   Thumb Code     8  system_stm32f10x.o(.text)
    .text                                    0x08000348   Section        0  misc.o(.text)
    .text                                    0x08000424   Section        0  stm32f10x_adc.o(.text)
    .text                                    0x08000874   Section        0  stm32f10x_gpio.o(.text)
    .text                                    0x08000bd0   Section        0  stm32f10x_rcc.o(.text)
    .text                                    0x08000f74   Section        0  stm32f10x_usart.o(.text)
    .text                                    0x0800137c   Section        0  main.o(.text)
    .text                                    0x080016e0   Section        0  stm32f10x_it.o(.text)
    .text                                    0x08001834   Section        0  led.o(.text)
    .text                                    0x080018ac   Section        0  debug.o(.text)
    USART_USART_Config                       0x080018ad   Thumb Code    84  debug.o(.text)
    NVIC_Config                              0x08001901   Thumb Code    40  debug.o(.text)
    USART_GPIO_Config                        0x08001929   Thumb Code    60  debug.o(.text)
    .text                                    0x080019fc   Section        0  light.o(.text)
    Light_I2C_Delay                          0x080019fd   Thumb Code    14  light.o(.text)
    .text                                    0x08001da8   Section        0  i2c_oled.o(.text)
    .text                                    0x08002554   Section        0  i2c_oled_analog.o(.text)
    I2C_Delay                                0x08002555   Thumb Code    14  i2c_oled_analog.o(.text)
    .text                                    0x08002774   Section        0  smog.o(.text)
    .text                                    0x08002890   Section        0  temp.o(.text)
    .text                                    0x08002a1c   Section        0  systick.o(.text)
    .text                                    0x08002b00   Section        0  fan.o(.text)
    .text                                    0x08002b34   Section        0  speaker.o(.text)
    .text                                    0x08002c64   Section        0  bluetooth.o(.text)
    .text                                    0x08002d80   Section        0  strstr.o(.text)
    .text                                    0x08002da4   Section        0  fmul.o(.text)
    .text                                    0x08002e08   Section        0  fdiv.o(.text)
    .text                                    0x08002e84   Section        0  dmul.o(.text)
    .text                                    0x08002f68   Section        0  ddiv.o(.text)
    .text                                    0x08003046   Section        0  ffltui.o(.text)
    .text                                    0x08003050   Section        0  dfltui.o(.text)
    .text                                    0x0800306a   Section        0  ffixi.o(.text)
    .text                                    0x0800309c   Section        0  f2d.o(.text)
    .text                                    0x080030c4   Section       48  cdcmple.o(.text)
    .text                                    0x080030f4   Section       48  cdrcmple.o(.text)
    .text                                    0x08003124   Section        0  d2f.o(.text)
    .text                                    0x0800315c   Section        0  uidiv.o(.text)
    .text                                    0x08003188   Section        0  uldiv.o(.text)
    .text                                    0x080031ea   Section        0  iusefp.o(.text)
    .text                                    0x080031ea   Section        0  fepilogue.o(.text)
    .text                                    0x08003258   Section        0  depilogue.o(.text)
    .text                                    0x08003312   Section        0  dadd.o(.text)
    .text                                    0x08003460   Section        0  dfixul.o(.text)
    .text                                    0x08003490   Section       36  init.o(.text)
    .text                                    0x080034b4   Section        0  llshl.o(.text)
    .text                                    0x080034d2   Section        0  llushr.o(.text)
    .text                                    0x080034f2   Section        0  llsshr.o(.text)
    i.__0printf                              0x08003518   Section        0  printfa.o(i.__0printf)
    i.__0sprintf                             0x08003538   Section        0  printfa.o(i.__0sprintf)
    i.__scatterload_copy                     0x08003560   Section       14  handlers.o(i.__scatterload_copy)
    i.__scatterload_null                     0x0800356e   Section        2  handlers.o(i.__scatterload_null)
    i.__scatterload_zeroinit                 0x08003570   Section       14  handlers.o(i.__scatterload_zeroinit)
    i._fp_digits                             0x08003580   Section        0  printfa.o(i._fp_digits)
    _fp_digits                               0x08003581   Thumb Code   366  printfa.o(i._fp_digits)
    i._printf_core                           0x08003704   Section        0  printfa.o(i._printf_core)
    _printf_core                             0x08003705   Thumb Code  1744  printfa.o(i._printf_core)
    i._printf_post_padding                   0x08003de0   Section        0  printfa.o(i._printf_post_padding)
    _printf_post_padding                     0x08003de1   Thumb Code    36  printfa.o(i._printf_post_padding)
    i._printf_pre_padding                    0x08003e04   Section        0  printfa.o(i._printf_pre_padding)
    _printf_pre_padding                      0x08003e05   Thumb Code    46  printfa.o(i._printf_pre_padding)
    i._sputc                                 0x08003e32   Section        0  printfa.o(i._sputc)
    _sputc                                   0x08003e33   Thumb Code    10  printfa.o(i._sputc)
    .constdata                               0x08003e3c   Section        5  main.o(.constdata)
    __FUNCTION__                             0x08003e3c   Data           5  main.o(.constdata)
    .constdata                               0x08003e41   Section       29  light.o(.constdata)
    __FUNCTION__                             0x08003e41   Data          14  light.o(.constdata)
    __FUNCTION__                             0x08003e4f   Data          15  light.o(.constdata)
    .constdata                               0x08003e5e   Section     2046  i2c_oled.o(.constdata)
    __FUNCTION__                             0x0800462e   Data          16  i2c_oled.o(.constdata)
    __FUNCTION__                             0x0800463e   Data          15  i2c_oled.o(.constdata)
    __FUNCTION__                             0x0800464d   Data          15  i2c_oled.o(.constdata)
    .constdata                               0x0800465c   Section       14  temp.o(.constdata)
    __FUNCTION__                             0x0800465c   Data          14  temp.o(.constdata)
    .data                                    0x20000000   Section       20  system_stm32f10x.o(.data)
    .data                                    0x20000014   Section       20  stm32f10x_rcc.o(.data)
    APBAHBPrescTable                         0x20000014   Data          16  stm32f10x_rcc.o(.data)
    ADCPrescTable                            0x20000024   Data           4  stm32f10x_rcc.o(.data)
    .data                                    0x20000028   Section        3  main.o(.data)
    .data                                    0x2000002b   Section        1  stm32f10x_it.o(.data)
    .data                                    0x2000002c   Section        4  systick.o(.data)
    .data                                    0x20000030   Section        4  stdout.o(.data)
    .bss                                     0x20000034   Section       20  main.o(.bss)
    .bss                                     0x20000048   Section      128  i2c_oled.o(.bss)
    STACK                                    0x200000c8   Section     1024  startup_stm32f10x_hd.o(STACK)

    Global Symbols

    Symbol Name                              Value     Ov Type        Size  Object(Section)

    BuildAttributes$$THM_ISAv4$P$D$K$B$S$PE$A:L22UL41UL21$X:L11$S22US41US21$IEEE1$IW$USESV6$~STKCKD$USESV7$~SHL$OTIME$ROPI$EBA8$MICROLIB$REQ8$PRES8$EABIv2 0x00000000   Number         0  anon$$obj.o ABSOLUTE
    __ARM_use_no_argv                        0x00000000   Number         0  main.o ABSOLUTE
    _printf_a                                0x00000000   Number         0  stubs.o ABSOLUTE
    _printf_c                                0x00000000   Number         0  stubs.o ABSOLUTE
    _printf_charcount                        0x00000000   Number         0  stubs.o ABSOLUTE
    _printf_d                                0x00000000   Number         0  stubs.o ABSOLUTE
    _printf_e                                0x00000000   Number         0  stubs.o ABSOLUTE
    _printf_f                                0x00000000   Number         0  stubs.o ABSOLUTE
    _printf_flags                            0x00000000   Number         0  stubs.o ABSOLUTE
    _printf_fp_dec                           0x00000000   Number         0  stubs.o ABSOLUTE
    _printf_fp_hex                           0x00000000   Number         0  stubs.o ABSOLUTE
    _printf_g                                0x00000000   Number         0  stubs.o ABSOLUTE
    _printf_i                                0x00000000   Number         0  stubs.o ABSOLUTE
    _printf_int_dec                          0x00000000   Number         0  stubs.o ABSOLUTE
    _printf_l                                0x00000000   Number         0  stubs.o ABSOLUTE
    _printf_lc                               0x00000000   Number         0  stubs.o ABSOLUTE
    _printf_ll                               0x00000000   Number         0  stubs.o ABSOLUTE
    _printf_lld                              0x00000000   Number         0  stubs.o ABSOLUTE
    _printf_lli                              0x00000000   Number         0  stubs.o ABSOLUTE
    _printf_llo                              0x00000000   Number         0  stubs.o ABSOLUTE
    _printf_llu                              0x00000000   Number         0  stubs.o ABSOLUTE
    _printf_llx                              0x00000000   Number         0  stubs.o ABSOLUTE
    _printf_longlong_dec                     0x00000000   Number         0  stubs.o ABSOLUTE
    _printf_longlong_hex                     0x00000000   Number         0  stubs.o ABSOLUTE
    _printf_longlong_oct                     0x00000000   Number         0  stubs.o ABSOLUTE
    _printf_ls                               0x00000000   Number         0  stubs.o ABSOLUTE
    _printf_mbtowc                           0x00000000   Number         0  stubs.o ABSOLUTE
    _printf_n                                0x00000000   Number         0  stubs.o ABSOLUTE
    _printf_o                                0x00000000   Number         0  stubs.o ABSOLUTE
    _printf_p                                0x00000000   Number         0  stubs.o ABSOLUTE
    _printf_percent                          0x00000000   Number         0  stubs.o ABSOLUTE
    _printf_pre_padding                      0x00000000   Number         0  stubs.o ABSOLUTE
    _printf_return_value                     0x00000000   Number         0  stubs.o ABSOLUTE
    _printf_s                                0x00000000   Number         0  stubs.o ABSOLUTE
    _printf_sizespec                         0x00000000   Number         0  stubs.o ABSOLUTE
    _printf_str                              0x00000000   Number         0  stubs.o ABSOLUTE
    _printf_truncate_signed                  0x00000000   Number         0  stubs.o ABSOLUTE
    _printf_truncate_unsigned                0x00000000   Number         0  stubs.o ABSOLUTE
    _printf_u                                0x00000000   Number         0  stubs.o ABSOLUTE
    _printf_wc                               0x00000000   Number         0  stubs.o ABSOLUTE
    _printf_wctomb                           0x00000000   Number         0  stubs.o ABSOLUTE
    _printf_widthprec                        0x00000000   Number         0  stubs.o ABSOLUTE
    _printf_x                                0x00000000   Number         0  stubs.o ABSOLUTE
    __cpp_initialize__aeabi_                  - Undefined Weak Reference
    __cxa_finalize                            - Undefined Weak Reference
    __decompress                              - Undefined Weak Reference
    _clock_init                               - Undefined Weak Reference
    _microlib_exit                            - Undefined Weak Reference
    __Vectors_Size                           0x00000130   Number         0  startup_stm32f10x_hd.o ABSOLUTE
    __Vectors                                0x08000000   Data           4  startup_stm32f10x_hd.o(RESET)
    __Vectors_End                            0x08000130   Data           0  startup_stm32f10x_hd.o(RESET)
    __main                                   0x08000131   Thumb Code     0  entry.o(.ARM.Collect$$$$00000000)
    _main_stk                                0x08000131   Thumb Code     0  entry2.o(.ARM.Collect$$$$00000001)
    _main_scatterload                        0x08000135   Thumb Code     0  entry5.o(.ARM.Collect$$$$00000004)
    __main_after_scatterload                 0x08000139   Thumb Code     0  entry5.o(.ARM.Collect$$$$00000004)
    _main_clock                              0x08000139   Thumb Code     0  entry7b.o(.ARM.Collect$$$$00000008)
    _main_cpp_init                           0x08000139   Thumb Code     0  entry8b.o(.ARM.Collect$$$$0000000A)
    _main_init                               0x08000139   Thumb Code     0  entry9a.o(.ARM.Collect$$$$0000000B)
    __rt_final_cpp                           0x08000141   Thumb Code     0  entry10a.o(.ARM.Collect$$$$0000000D)
    __rt_final_exit                          0x08000141   Thumb Code     0  entry11a.o(.ARM.Collect$$$$0000000F)
    Reset_Handler                            0x08000145   Thumb Code     8  startup_stm32f10x_hd.o(.text)
    ADC1_2_IRQHandler                        0x0800015f   Thumb Code     0  startup_stm32f10x_hd.o(.text)
    ADC3_IRQHandler                          0x0800015f   Thumb Code     0  startup_stm32f10x_hd.o(.text)
    CAN1_RX1_IRQHandler                      0x0800015f   Thumb Code     0  startup_stm32f10x_hd.o(.text)
    CAN1_SCE_IRQHandler                      0x0800015f   Thumb Code     0  startup_stm32f10x_hd.o(.text)
    DMA1_Channel1_IRQHandler                 0x0800015f   Thumb Code     0  startup_stm32f10x_hd.o(.text)
    DMA1_Channel2_IRQHandler                 0x0800015f   Thumb Code     0  startup_stm32f10x_hd.o(.text)
    DMA1_Channel3_IRQHandler                 0x0800015f   Thumb Code     0  startup_stm32f10x_hd.o(.text)
    DMA1_Channel4_IRQHandler                 0x0800015f   Thumb Code     0  startup_stm32f10x_hd.o(.text)
    DMA1_Channel5_IRQHandler                 0x0800015f   Thumb Code     0  startup_stm32f10x_hd.o(.text)
    DMA1_Channel6_IRQHandler                 0x0800015f   Thumb Code     0  startup_stm32f10x_hd.o(.text)
    DMA1_Channel7_IRQHandler                 0x0800015f   Thumb Code     0  startup_stm32f10x_hd.o(.text)
    DMA2_Channel1_IRQHandler                 0x0800015f   Thumb Code     0  startup_stm32f10x_hd.o(.text)
    DMA2_Channel2_IRQHandler                 0x0800015f   Thumb Code     0  startup_stm32f10x_hd.o(.text)
    DMA2_Channel3_IRQHandler                 0x0800015f   Thumb Code     0  startup_stm32f10x_hd.o(.text)
    DMA2_Channel4_5_IRQHandler               0x0800015f   Thumb Code     0  startup_stm32f10x_hd.o(.text)
    EXTI0_IRQHandler                         0x0800015f   Thumb Code     0  startup_stm32f10x_hd.o(.text)
    EXTI15_10_IRQHandler                     0x0800015f   Thumb Code     0  startup_stm32f10x_hd.o(.text)
    EXTI1_IRQHandler                         0x0800015f   Thumb Code     0  startup_stm32f10x_hd.o(.text)
    EXTI2_IRQHandler                         0x0800015f   Thumb Code     0  startup_stm32f10x_hd.o(.text)
    EXTI3_IRQHandler                         0x0800015f   Thumb Code     0  startup_stm32f10x_hd.o(.text)
    EXTI4_IRQHandler                         0x0800015f   Thumb Code     0  startup_stm32f10x_hd.o(.text)
    EXTI9_5_IRQHandler                       0x0800015f   Thumb Code     0  startup_stm32f10x_hd.o(.text)
    FLASH_IRQHandler                         0x0800015f   Thumb Code     0  startup_stm32f10x_hd.o(.text)
    FSMC_IRQHandler                          0x0800015f   Thumb Code     0  startup_stm32f10x_hd.o(.text)
    I2C1_ER_IRQHandler                       0x0800015f   Thumb Code     0  startup_stm32f10x_hd.o(.text)
    I2C1_EV_IRQHandler                       0x0800015f   Thumb Code     0  startup_stm32f10x_hd.o(.text)
    I2C2_ER_IRQHandler                       0x0800015f   Thumb Code     0  startup_stm32f10x_hd.o(.text)
    I2C2_EV_IRQHandler                       0x0800015f   Thumb Code     0  startup_stm32f10x_hd.o(.text)
    PVD_IRQHandler                           0x0800015f   Thumb Code     0  startup_stm32f10x_hd.o(.text)
    RCC_IRQHandler                           0x0800015f   Thumb Code     0  startup_stm32f10x_hd.o(.text)
    RTCAlarm_IRQHandler                      0x0800015f   Thumb Code     0  startup_stm32f10x_hd.o(.text)
    RTC_IRQHandler                           0x0800015f   Thumb Code     0  startup_stm32f10x_hd.o(.text)
    SDIO_IRQHandler                          0x0800015f   Thumb Code     0  startup_stm32f10x_hd.o(.text)
    SPI1_IRQHandler                          0x0800015f   Thumb Code     0  startup_stm32f10x_hd.o(.text)
    SPI2_IRQHandler                          0x0800015f   Thumb Code     0  startup_stm32f10x_hd.o(.text)
    SPI3_IRQHandler                          0x0800015f   Thumb Code     0  startup_stm32f10x_hd.o(.text)
    TAMPER_IRQHandler                        0x0800015f   Thumb Code     0  startup_stm32f10x_hd.o(.text)
    TIM1_BRK_IRQHandler                      0x0800015f   Thumb Code     0  startup_stm32f10x_hd.o(.text)
    TIM1_CC_IRQHandler                       0x0800015f   Thumb Code     0  startup_stm32f10x_hd.o(.text)
    TIM1_TRG_COM_IRQHandler                  0x0800015f   Thumb Code     0  startup_stm32f10x_hd.o(.text)
    TIM1_UP_IRQHandler                       0x0800015f   Thumb Code     0  startup_stm32f10x_hd.o(.text)
    TIM2_IRQHandler                          0x0800015f   Thumb Code     0  startup_stm32f10x_hd.o(.text)
    TIM3_IRQHandler                          0x0800015f   Thumb Code     0  startup_stm32f10x_hd.o(.text)
    TIM4_IRQHandler                          0x0800015f   Thumb Code     0  startup_stm32f10x_hd.o(.text)
    TIM5_IRQHandler                          0x0800015f   Thumb Code     0  startup_stm32f10x_hd.o(.text)
    TIM6_IRQHandler                          0x0800015f   Thumb Code     0  startup_stm32f10x_hd.o(.text)
    TIM7_IRQHandler                          0x0800015f   Thumb Code     0  startup_stm32f10x_hd.o(.text)
    TIM8_BRK_IRQHandler                      0x0800015f   Thumb Code     0  startup_stm32f10x_hd.o(.text)
    TIM8_CC_IRQHandler                       0x0800015f   Thumb Code     0  startup_stm32f10x_hd.o(.text)
    TIM8_TRG_COM_IRQHandler                  0x0800015f   Thumb Code     0  startup_stm32f10x_hd.o(.text)
    TIM8_UP_IRQHandler                       0x0800015f   Thumb Code     0  startup_stm32f10x_hd.o(.text)
    UART4_IRQHandler                         0x0800015f   Thumb Code     0  startup_stm32f10x_hd.o(.text)
    UART5_IRQHandler                         0x0800015f   Thumb Code     0  startup_stm32f10x_hd.o(.text)
    USBWakeUp_IRQHandler                     0x0800015f   Thumb Code     0  startup_stm32f10x_hd.o(.text)
    USB_HP_CAN1_TX_IRQHandler                0x0800015f   Thumb Code     0  startup_stm32f10x_hd.o(.text)
    USB_LP_CAN1_RX0_IRQHandler               0x0800015f   Thumb Code     0  startup_stm32f10x_hd.o(.text)
    WWDG_IRQHandler                          0x0800015f   Thumb Code     0  startup_stm32f10x_hd.o(.text)
    SystemInit                               0x08000247   Thumb Code    78  system_stm32f10x.o(.text)
    SystemCoreClockUpdate                    0x08000295   Thumb Code   142  system_stm32f10x.o(.text)
    NVIC_PriorityGroupConfig                 0x08000349   Thumb Code    10  misc.o(.text)
    NVIC_Init                                0x08000353   Thumb Code   100  misc.o(.text)
    NVIC_SetVectorTable                      0x080003b7   Thumb Code    14  misc.o(.text)
    NVIC_SystemLPConfig                      0x080003c5   Thumb Code    34  misc.o(.text)
    SysTick_CLKSourceConfig                  0x080003e7   Thumb Code    40  misc.o(.text)
    ADC_DeInit                               0x08000425   Thumb Code    78  stm32f10x_adc.o(.text)
    ADC_Init                                 0x08000473   Thumb Code    70  stm32f10x_adc.o(.text)
    ADC_StructInit                           0x080004b9   Thumb Code    18  stm32f10x_adc.o(.text)
    ADC_Cmd                                  0x080004cb   Thumb Code    22  stm32f10x_adc.o(.text)
    ADC_DMACmd                               0x080004e1   Thumb Code    22  stm32f10x_adc.o(.text)
    ADC_ITConfig                             0x080004f7   Thumb Code    24  stm32f10x_adc.o(.text)
    ADC_ResetCalibration                     0x0800050f   Thumb Code    10  stm32f10x_adc.o(.text)
    ADC_GetResetCalibrationStatus            0x08000519   Thumb Code    20  stm32f10x_adc.o(.text)
    ADC_StartCalibration                     0x0800052d   Thumb Code    10  stm32f10x_adc.o(.text)
    ADC_GetCalibrationStatus                 0x08000537   Thumb Code    20  stm32f10x_adc.o(.text)
    ADC_SoftwareStartConvCmd                 0x0800054b   Thumb Code    22  stm32f10x_adc.o(.text)
    ADC_GetSoftwareStartConvStatus           0x08000561   Thumb Code    20  stm32f10x_adc.o(.text)
    ADC_DiscModeChannelCountConfig           0x08000575   Thumb Code    24  stm32f10x_adc.o(.text)
    ADC_DiscModeCmd                          0x0800058d   Thumb Code    22  stm32f10x_adc.o(.text)
    ADC_RegularChannelConfig                 0x080005a3   Thumb Code   184  stm32f10x_adc.o(.text)
    ADC_ExternalTrigConvCmd                  0x0800065b   Thumb Code    22  stm32f10x_adc.o(.text)
    ADC_GetConversionValue                   0x08000671   Thumb Code     8  stm32f10x_adc.o(.text)
    ADC_GetDualModeConversionValue           0x08000679   Thumb Code     8  stm32f10x_adc.o(.text)
    ADC_AutoInjectedConvCmd                  0x08000681   Thumb Code    22  stm32f10x_adc.o(.text)
    ADC_InjectedDiscModeCmd                  0x08000697   Thumb Code    22  stm32f10x_adc.o(.text)
    ADC_ExternalTrigInjectedConvConfig       0x080006ad   Thumb Code    16  stm32f10x_adc.o(.text)
    ADC_ExternalTrigInjectedConvCmd          0x080006bd   Thumb Code    22  stm32f10x_adc.o(.text)
    ADC_SoftwareStartInjectedConvCmd         0x080006d3   Thumb Code    22  stm32f10x_adc.o(.text)
    ADC_GetSoftwareStartInjectedConvCmdStatus 0x080006e9   Thumb Code    20  stm32f10x_adc.o(.text)
    ADC_InjectedChannelConfig                0x080006fd   Thumb Code   130  stm32f10x_adc.o(.text)
    ADC_InjectedSequencerLengthConfig        0x0800077f   Thumb Code    24  stm32f10x_adc.o(.text)
    ADC_SetInjectedOffset                    0x08000797   Thumb Code    20  stm32f10x_adc.o(.text)
    ADC_GetInjectedConversionValue           0x080007ab   Thumb Code    28  stm32f10x_adc.o(.text)
    ADC_AnalogWatchdogCmd                    0x080007c7   Thumb Code    16  stm32f10x_adc.o(.text)
    ADC_AnalogWatchdogThresholdsConfig       0x080007d7   Thumb Code     6  stm32f10x_adc.o(.text)
    ADC_AnalogWatchdogSingleChannelConfig    0x080007dd   Thumb Code    16  stm32f10x_adc.o(.text)
    ADC_TempSensorVrefintCmd                 0x080007ed   Thumb Code    64  stm32f10x_adc.o(.text)
    ADC_GetFlagStatus                        0x0800082d   Thumb Code    18  stm32f10x_adc.o(.text)
    ADC_ClearFlag                            0x0800083f   Thumb Code     6  stm32f10x_adc.o(.text)
    ADC_GetITStatus                          0x08000845   Thumb Code    36  stm32f10x_adc.o(.text)
    ADC_ClearITPendingBit                    0x08000869   Thumb Code    10  stm32f10x_adc.o(.text)
    GPIO_DeInit                              0x08000875   Thumb Code   172  stm32f10x_gpio.o(.text)
    GPIO_AFIODeInit                          0x08000921   Thumb Code    20  stm32f10x_gpio.o(.text)
    GPIO_Init                                0x08000935   Thumb Code   278  stm32f10x_gpio.o(.text)
    GPIO_StructInit                          0x08000a4b   Thumb Code    16  stm32f10x_gpio.o(.text)
    GPIO_ReadInputDataBit                    0x08000a5b   Thumb Code    18  stm32f10x_gpio.o(.text)
    GPIO_ReadInputData                       0x08000a6d   Thumb Code     8  stm32f10x_gpio.o(.text)
    GPIO_ReadOutputDataBit                   0x08000a75   Thumb Code    18  stm32f10x_gpio.o(.text)
    GPIO_ReadOutputData                      0x08000a87   Thumb Code     8  stm32f10x_gpio.o(.text)
    GPIO_SetBits                             0x08000a8f   Thumb Code     4  stm32f10x_gpio.o(.text)
    GPIO_ResetBits                           0x08000a93   Thumb Code     4  stm32f10x_gpio.o(.text)
    GPIO_WriteBit                            0x08000a97   Thumb Code    10  stm32f10x_gpio.o(.text)
    GPIO_Write                               0x08000aa1   Thumb Code     4  stm32f10x_gpio.o(.text)
    GPIO_PinLockConfig                       0x08000aa5   Thumb Code    18  stm32f10x_gpio.o(.text)
    GPIO_EventOutputConfig                   0x08000ab7   Thumb Code    26  stm32f10x_gpio.o(.text)
    GPIO_EventOutputCmd                      0x08000ad1   Thumb Code     6  stm32f10x_gpio.o(.text)
    GPIO_PinRemapConfig                      0x08000ad7   Thumb Code   138  stm32f10x_gpio.o(.text)
    GPIO_EXTILineConfig                      0x08000b61   Thumb Code    66  stm32f10x_gpio.o(.text)
    GPIO_ETH_MediaInterfaceConfig            0x08000ba3   Thumb Code     8  stm32f10x_gpio.o(.text)
    RCC_DeInit                               0x08000bd1   Thumb Code    64  stm32f10x_rcc.o(.text)
    RCC_HSEConfig                            0x08000c11   Thumb Code    70  stm32f10x_rcc.o(.text)
    RCC_GetFlagStatus                        0x08000c57   Thumb Code    56  stm32f10x_rcc.o(.text)
    RCC_WaitForHSEStartUp                    0x08000c8f   Thumb Code    56  stm32f10x_rcc.o(.text)
    RCC_AdjustHSICalibrationValue            0x08000cc7   Thumb Code    20  stm32f10x_rcc.o(.text)
    RCC_HSICmd                               0x08000cdb   Thumb Code     6  stm32f10x_rcc.o(.text)
    RCC_PLLConfig                            0x08000ce1   Thumb Code    24  stm32f10x_rcc.o(.text)
    RCC_PLLCmd                               0x08000cf9   Thumb Code     6  stm32f10x_rcc.o(.text)
    RCC_SYSCLKConfig                         0x08000cff   Thumb Code    18  stm32f10x_rcc.o(.text)
    RCC_GetSYSCLKSource                      0x08000d11   Thumb Code    10  stm32f10x_rcc.o(.text)
    RCC_HCLKConfig                           0x08000d1b   Thumb Code    18  stm32f10x_rcc.o(.text)
    RCC_PCLK1Config                          0x08000d2d   Thumb Code    18  stm32f10x_rcc.o(.text)
    RCC_PCLK2Config                          0x08000d3f   Thumb Code    20  stm32f10x_rcc.o(.text)
    RCC_ITConfig                             0x08000d53   Thumb Code    26  stm32f10x_rcc.o(.text)
    RCC_USBCLKConfig                         0x08000d6d   Thumb Code     8  stm32f10x_rcc.o(.text)
    RCC_ADCCLKConfig                         0x08000d75   Thumb Code    18  stm32f10x_rcc.o(.text)
    RCC_LSEConfig                            0x08000d87   Thumb Code    50  stm32f10x_rcc.o(.text)
    RCC_LSICmd                               0x08000db9   Thumb Code     6  stm32f10x_rcc.o(.text)
    RCC_RTCCLKConfig                         0x08000dbf   Thumb Code    12  stm32f10x_rcc.o(.text)
    RCC_RTCCLKCmd                            0x08000dcb   Thumb Code     8  stm32f10x_rcc.o(.text)
    RCC_GetClocksFreq                        0x08000dd3   Thumb Code   192  stm32f10x_rcc.o(.text)
    RCC_AHBPeriphClockCmd                    0x08000e93   Thumb Code    26  stm32f10x_rcc.o(.text)
    RCC_APB2PeriphClockCmd                   0x08000ead   Thumb Code    26  stm32f10x_rcc.o(.text)
    RCC_APB1PeriphClockCmd                   0x08000ec7   Thumb Code    26  stm32f10x_rcc.o(.text)
    RCC_APB2PeriphResetCmd                   0x08000ee1   Thumb Code    26  stm32f10x_rcc.o(.text)
    RCC_APB1PeriphResetCmd                   0x08000efb   Thumb Code    26  stm32f10x_rcc.o(.text)
    RCC_BackupResetCmd                       0x08000f15   Thumb Code     8  stm32f10x_rcc.o(.text)
    RCC_ClockSecuritySystemCmd               0x08000f1d   Thumb Code     6  stm32f10x_rcc.o(.text)
    RCC_MCOConfig                            0x08000f23   Thumb Code     6  stm32f10x_rcc.o(.text)
    RCC_ClearFlag                            0x08000f29   Thumb Code    14  stm32f10x_rcc.o(.text)
    RCC_GetITStatus                          0x08000f37   Thumb Code    20  stm32f10x_rcc.o(.text)
    RCC_ClearITPendingBit                    0x08000f4b   Thumb Code     6  stm32f10x_rcc.o(.text)
    USART_DeInit                             0x08000f75   Thumb Code   134  stm32f10x_usart.o(.text)
    USART_Init                               0x08000ffb   Thumb Code   210  stm32f10x_usart.o(.text)
    USART_StructInit                         0x080010cd   Thumb Code    24  stm32f10x_usart.o(.text)
    USART_ClockInit                          0x080010e5   Thumb Code    34  stm32f10x_usart.o(.text)
    USART_ClockStructInit                    0x08001107   Thumb Code    12  stm32f10x_usart.o(.text)
    USART_Cmd                                0x08001113   Thumb Code    24  stm32f10x_usart.o(.text)
    USART_ITConfig                           0x0800112b   Thumb Code    74  stm32f10x_usart.o(.text)
    USART_DMACmd                             0x08001175   Thumb Code    18  stm32f10x_usart.o(.text)
    USART_SetAddress                         0x08001187   Thumb Code    18  stm32f10x_usart.o(.text)
    USART_WakeUpConfig                       0x08001199   Thumb Code    18  stm32f10x_usart.o(.text)
    USART_ReceiverWakeUpCmd                  0x080011ab   Thumb Code    24  stm32f10x_usart.o(.text)
    USART_LINBreakDetectLengthConfig         0x080011c3   Thumb Code    18  stm32f10x_usart.o(.text)
    USART_LINCmd                             0x080011d5   Thumb Code    24  stm32f10x_usart.o(.text)
    USART_SendData                           0x080011ed   Thumb Code     8  stm32f10x_usart.o(.text)
    USART_ReceiveData                        0x080011f5   Thumb Code    10  stm32f10x_usart.o(.text)
    USART_SendBreak                          0x080011ff   Thumb Code    10  stm32f10x_usart.o(.text)
    USART_SetGuardTime                       0x08001209   Thumb Code    16  stm32f10x_usart.o(.text)
    USART_SetPrescaler                       0x08001219   Thumb Code    16  stm32f10x_usart.o(.text)
    USART_SmartCardCmd                       0x08001229   Thumb Code    24  stm32f10x_usart.o(.text)
    USART_SmartCardNACKCmd                   0x08001241   Thumb Code    24  stm32f10x_usart.o(.text)
    USART_HalfDuplexCmd                      0x08001259   Thumb Code    24  stm32f10x_usart.o(.text)
    USART_OverSampling8Cmd                   0x08001271   Thumb Code    22  stm32f10x_usart.o(.text)
    USART_OneBitMethodCmd                    0x08001287   Thumb Code    24  stm32f10x_usart.o(.text)
    USART_IrDAConfig                         0x0800129f   Thumb Code    18  stm32f10x_usart.o(.text)
    USART_IrDACmd                            0x080012b1   Thumb Code    24  stm32f10x_usart.o(.text)
    USART_GetFlagStatus                      0x080012c9   Thumb Code    26  stm32f10x_usart.o(.text)
    USART_ClearFlag                          0x080012e3   Thumb Code    18  stm32f10x_usart.o(.text)
    USART_GetITStatus                        0x080012f5   Thumb Code    84  stm32f10x_usart.o(.text)
    USART_ClearITPendingBit                  0x08001349   Thumb Code    52  stm32f10x_usart.o(.text)
    Bluetooth_Send                           0x0800137d   Thumb Code    50  main.o(.text)
    Bluetooth_Control                        0x080013af   Thumb Code   180  main.o(.text)
    HardwareInit                             0x08001463   Thumb Code    48  main.o(.text)
    main                                     0x08001493   Thumb Code   344  main.o(.text)
    NMI_Handler                              0x080016e1   Thumb Code     2  stm32f10x_it.o(.text)
    HardFault_Handler                        0x080016e3   Thumb Code     4  stm32f10x_it.o(.text)
    MemManage_Handler                        0x080016e7   Thumb Code     4  stm32f10x_it.o(.text)
    BusFault_Handler                         0x080016eb   Thumb Code     4  stm32f10x_it.o(.text)
    UsageFault_Handler                       0x080016ef   Thumb Code     4  stm32f10x_it.o(.text)
    SVC_Handler                              0x080016f3   Thumb Code     2  stm32f10x_it.o(.text)
    DebugMon_Handler                         0x080016f5   Thumb Code     2  stm32f10x_it.o(.text)
    PendSV_Handler                           0x080016f7   Thumb Code     2  stm32f10x_it.o(.text)
    SysTick_Handler                          0x080016f9   Thumb Code    18  stm32f10x_it.o(.text)
    USART1_IRQHandler                        0x0800170b   Thumb Code    86  stm32f10x_it.o(.text)
    USART2_IRQHandler                        0x08001761   Thumb Code    90  stm32f10x_it.o(.text)
    USART3_IRQHandler                        0x080017bb   Thumb Code    86  stm32f10x_it.o(.text)
    LED_Config                               0x08001835   Thumb Code   114  led.o(.text)
    Debug_USART_Config                       0x08001965   Thumb Code    16  debug.o(.text)
    Debug_SendByte                           0x08001975   Thumb Code    28  debug.o(.text)
    Debug_SendString                         0x08001991   Thumb Code    40  debug.o(.text)
    fputc                                    0x080019b9   Thumb Code    32  debug.o(.text)
    fgetc                                    0x080019d9   Thumb Code    26  debug.o(.text)
    Light_I2C_Stop                           0x08001a0b   Thumb Code    38  light.o(.text)
    Light_I2C_Config                         0x08001a31   Thumb Code    72  light.o(.text)
    Light_I2C_Start                          0x08001a79   Thumb Code    90  light.o(.text)
    Light_WaitAck                            0x08001ad3   Thumb Code    78  light.o(.text)
    Light_SendAck                            0x08001b21   Thumb Code    80  light.o(.text)
    Light_ReadByte                           0x08001b71   Thumb Code    94  light.o(.text)
    Light_SendByte                           0x08001bcf   Thumb Code    90  light.o(.text)
    Light_SendCmd                            0x08001c29   Thumb Code    98  light.o(.text)
    Light_ReadData                           0x08001c8b   Thumb Code    96  light.o(.text)
    Light_GetValue                           0x08001ceb   Thumb Code    62  light.o(.text)
    Send_SingleData                          0x08001da9   Thumb Code    40  i2c_oled.o(.text)
    Send_TwoData                             0x08001dd1   Thumb Code    34  i2c_oled.o(.text)
    OLED_ByteWrite                           0x08001df3   Thumb Code    68  i2c_oled.o(.text)
    OLED_PageWrite                           0x08001e37   Thumb Code   112  i2c_oled.o(.text)
    OLED_Clear                               0x08001ea7   Thumb Code    24  i2c_oled.o(.text)
    I2C_OLED_CmdInit                         0x08001ebf   Thumb Code   246  i2c_oled.o(.text)
    OLED_ShowSingleChinese                   0x08001fb5   Thumb Code   148  i2c_oled.o(.text)
    OLED_ShowString_Chinese                  0x08002049   Thumb Code    46  i2c_oled.o(.text)
    OLED_ShowSingleWord                      0x08002077   Thumb Code   442  i2c_oled.o(.text)
    OLED_ShowSingleLine                      0x08002231   Thumb Code    48  i2c_oled.o(.text)
    OLED_Scroll_Enable                       0x08002261   Thumb Code    74  i2c_oled.o(.text)
    OLED_Scroll_Disable                      0x080022ab   Thumb Code    12  i2c_oled.o(.text)
    ShowTemp                                 0x080022b7   Thumb Code   156  i2c_oled.o(.text)
    ShowHumi                                 0x08002353   Thumb Code   124  i2c_oled.o(.text)
    ShowLight                                0x080023cf   Thumb Code   178  i2c_oled.o(.text)
    ShowSmog                                 0x08002481   Thumb Code   198  i2c_oled.o(.text)
    I2C_Stop                                 0x08002563   Thumb Code    32  i2c_oled_analog.o(.text)
    I2C_OLED_Config                          0x08002583   Thumb Code    68  i2c_oled_analog.o(.text)
    I2C_Start                                0x080025c7   Thumb Code    78  i2c_oled_analog.o(.text)
    I2C_Start_Second                         0x08002615   Thumb Code    46  i2c_oled_analog.o(.text)
    WaitAck                                  0x08002643   Thumb Code    68  i2c_oled_analog.o(.text)
    SendAck                                  0x08002687   Thumb Code    68  i2c_oled_analog.o(.text)
    ReadByte                                 0x080026cb   Thumb Code    86  i2c_oled_analog.o(.text)
    SendByte                                 0x08002721   Thumb Code    80  i2c_oled_analog.o(.text)
    Smog_ADC_Config                          0x08002775   Thumb Code   152  smog.o(.text)
    Smog_GetValue                            0x0800280d   Thumb Code   120  smog.o(.text)
    Temp_GPIO_Config                         0x08002891   Thumb Code    38  temp.o(.text)
    Temp_ReadByte                            0x080028b7   Thumb Code    68  temp.o(.text)
    Temp_GetValue                            0x080028fb   Thumb Code   216  temp.o(.text)
    SysTick_MyConfig                         0x08002a1d   Thumb Code   100  systick.o(.text)
    Delayus_SysTick                          0x08002a81   Thumb Code    48  systick.o(.text)
    Delayms_SysTick                          0x08002ab1   Thumb Code    24  systick.o(.text)
    Delays_SysTick                           0x08002ac9   Thumb Code    24  systick.o(.text)
    Fan_Config                               0x08002b01   Thumb Code    48  fan.o(.text)
    Speaker_SendByte                         0x08002b35   Thumb Code    28  speaker.o(.text)
    Speaker_SetVol                           0x08002b51   Thumb Code    40  speaker.o(.text)
    Speaker_Config                           0x08002b79   Thumb Code   182  speaker.o(.text)
    Speaker_Play                             0x08002c2f   Thumb Code    46  speaker.o(.text)
    BTH_Config                               0x08002c65   Thumb Code   206  bluetooth.o(.text)
    Bluetooth_SendByte                       0x08002d33   Thumb Code    28  bluetooth.o(.text)
    Bluetooth_SendString                     0x08002d4f   Thumb Code    40  bluetooth.o(.text)
    strstr                                   0x08002d81   Thumb Code    36  strstr.o(.text)
    __aeabi_fmul                             0x08002da5   Thumb Code   100  fmul.o(.text)
    __aeabi_fdiv                             0x08002e09   Thumb Code   124  fdiv.o(.text)
    __aeabi_dmul                             0x08002e85   Thumb Code   228  dmul.o(.text)
    __aeabi_ddiv                             0x08002f69   Thumb Code   222  ddiv.o(.text)
    __aeabi_ui2f                             0x08003047   Thumb Code    10  ffltui.o(.text)
    __aeabi_ui2d                             0x08003051   Thumb Code    26  dfltui.o(.text)
    __aeabi_f2iz                             0x0800306b   Thumb Code    50  ffixi.o(.text)
    __aeabi_f2d                              0x0800309d   Thumb Code    38  f2d.o(.text)
    __aeabi_cdcmpeq                          0x080030c5   Thumb Code     0  cdcmple.o(.text)
    __aeabi_cdcmple                          0x080030c5   Thumb Code    48  cdcmple.o(.text)
    __aeabi_cdrcmple                         0x080030f5   Thumb Code    48  cdrcmple.o(.text)
    __aeabi_d2f                              0x08003125   Thumb Code    56  d2f.o(.text)
    __aeabi_uidiv                            0x0800315d   Thumb Code     0  uidiv.o(.text)
    __aeabi_uidivmod                         0x0800315d   Thumb Code    44  uidiv.o(.text)
    __aeabi_uldivmod                         0x08003189   Thumb Code    98  uldiv.o(.text)
    __I$use$fp                               0x080031eb   Thumb Code     0  iusefp.o(.text)
    _float_round                             0x080031eb   Thumb Code    18  fepilogue.o(.text)
    _float_epilogue                          0x080031fd   Thumb Code    92  fepilogue.o(.text)
    _double_round                            0x08003259   Thumb Code    30  depilogue.o(.text)
    _double_epilogue                         0x08003277   Thumb Code   156  depilogue.o(.text)
    __aeabi_dadd                             0x08003313   Thumb Code   322  dadd.o(.text)
    __aeabi_dsub                             0x08003455   Thumb Code     6  dadd.o(.text)
    __aeabi_drsub                            0x0800345b   Thumb Code     6  dadd.o(.text)
    __aeabi_d2ulz                            0x08003461   Thumb Code    48  dfixul.o(.text)
    __scatterload                            0x08003491   Thumb Code    28  init.o(.text)
    __scatterload_rt2                        0x08003491   Thumb Code     0  init.o(.text)
    __aeabi_llsl                             0x080034b5   Thumb Code    30  llshl.o(.text)
    _ll_shift_l                              0x080034b5   Thumb Code     0  llshl.o(.text)
    __aeabi_llsr                             0x080034d3   Thumb Code    32  llushr.o(.text)
    _ll_ushift_r                             0x080034d3   Thumb Code     0  llushr.o(.text)
    __aeabi_lasr                             0x080034f3   Thumb Code    36  llsshr.o(.text)
    _ll_sshift_r                             0x080034f3   Thumb Code     0  llsshr.o(.text)
    __0printf                                0x08003519   Thumb Code    22  printfa.o(i.__0printf)
    __1printf                                0x08003519   Thumb Code     0  printfa.o(i.__0printf)
    __2printf                                0x08003519   Thumb Code     0  printfa.o(i.__0printf)
    __c89printf                              0x08003519   Thumb Code     0  printfa.o(i.__0printf)
    printf                                   0x08003519   Thumb Code     0  printfa.o(i.__0printf)
    __0sprintf                               0x08003539   Thumb Code    34  printfa.o(i.__0sprintf)
    __1sprintf                               0x08003539   Thumb Code     0  printfa.o(i.__0sprintf)
    __2sprintf                               0x08003539   Thumb Code     0  printfa.o(i.__0sprintf)
    __c89sprintf                             0x08003539   Thumb Code     0  printfa.o(i.__0sprintf)
    sprintf                                  0x08003539   Thumb Code     0  printfa.o(i.__0sprintf)
    __scatterload_copy                       0x08003561   Thumb Code    14  handlers.o(i.__scatterload_copy)
    __scatterload_null                       0x0800356f   Thumb Code     2  handlers.o(i.__scatterload_null)
    __scatterload_zeroinit                   0x08003571   Thumb Code    14  handlers.o(i.__scatterload_zeroinit)
    Chinese_Test                             0x08003e5e   Data         256  i2c_oled.o(.constdata)
    ASCII_8X16                               0x08003f5e   Data        1520  i2c_oled.o(.constdata)
    Chinese_Noun                             0x0800454e   Data         224  i2c_oled.o(.constdata)
    Region$$Table$$Base                      0x0800466c   Number         0  anon$$obj.o(Region$$Table)
    Region$$Table$$Limit                     0x0800468c   Number         0  anon$$obj.o(Region$$Table)
    SystemCoreClock                          0x20000000   Data           4  system_stm32f10x.o(.data)
    AHBPrescTable                            0x20000004   Data          16  system_stm32f10x.o(.data)
    Debug_Flag                               0x20000028   Data           1  main.o(.data)
    Bluetooth_Flag                           0x20000029   Data           1  main.o(.data)
    Speaker_Flag                             0x2000002a   Data           1  main.o(.data)
    i                                        0x2000002b   Data           1  stm32f10x_it.o(.data)
    SysTick_Num                              0x2000002c   Data           4  systick.o(.data)
    __stdout                                 0x20000030   Data           4  stdout.o(.data)
    Receive                                  0x20000034   Data          20  main.o(.bss)
    white                                    0x20000048   Data         128  i2c_oled.o(.bss)
    __initial_sp                             0x200004c8   Data           0  startup_stm32f10x_hd.o(STACK)



==============================================================================

Memory Map of the image

  Image Entry point : 0x08000131

  Load Region LR_IROM1 (Base: 0x08000000, Size: 0x000046c0, Max: 0x00080000, ABSOLUTE)

    Execution Region ER_IROM1 (Exec base: 0x08000000, Load base: 0x08000000, Size: 0x0000468c, Max: 0x00080000, ABSOLUTE)

    Exec Addr    Load Addr    Size         Type   Attr      Idx    E Section Name        Object

    0x08000000   0x08000000   0x00000130   Data   RO            3    RESET               startup_stm32f10x_hd.o
    0x08000130   0x08000130   0x00000000   Code   RO          836  * .ARM.Collect$$$$00000000  mc_w.l(entry.o)
    0x08000130   0x08000130   0x00000004   Code   RO         1124    .ARM.Collect$$$$00000001  mc_w.l(entry2.o)
    0x08000134   0x08000134   0x00000004   Code   RO         1127    .ARM.Collect$$$$00000004  mc_w.l(entry5.o)
    0x08000138   0x08000138   0x00000000   Code   RO         1129    .ARM.Collect$$$$00000008  mc_w.l(entry7b.o)
    0x08000138   0x08000138   0x00000000   Code   RO         1131    .ARM.Collect$$$$0000000A  mc_w.l(entry8b.o)
    0x08000138   0x08000138   0x00000008   Code   RO         1132    .ARM.Collect$$$$0000000B  mc_w.l(entry9a.o)
    0x08000140   0x08000140   0x00000000   Code   RO         1134    .ARM.Collect$$$$0000000D  mc_w.l(entry10a.o)
    0x08000140   0x08000140   0x00000000   Code   RO         1136    .ARM.Collect$$$$0000000F  mc_w.l(entry11a.o)
    0x08000140   0x08000140   0x00000004   Code   RO         1125    .ARM.Collect$$$$00002712  mc_w.l(entry2.o)
    0x08000144   0x08000144   0x00000024   Code   RO            4    .text               startup_stm32f10x_hd.o
    0x08000168   0x08000168   0x000001e0   Code   RO           24    .text               system_stm32f10x.o
    0x08000348   0x08000348   0x000000dc   Code   RO          121    .text               misc.o
    0x08000424   0x08000424   0x0000044e   Code   RO          137    .text               stm32f10x_adc.o
    0x08000872   0x08000872   0x00000002   PAD
    0x08000874   0x08000874   0x0000035c   Code   RO          269    .text               stm32f10x_gpio.o
    0x08000bd0   0x08000bd0   0x000003a4   Code   RO          317    .text               stm32f10x_rcc.o
    0x08000f74   0x08000f74   0x00000408   Code   RO          379    .text               stm32f10x_usart.o
    0x0800137c   0x0800137c   0x00000364   Code   RO          403    .text               main.o
    0x080016e0   0x080016e0   0x00000154   Code   RO          544    .text               stm32f10x_it.o
    0x08001834   0x08001834   0x00000078   Code   RO          567    .text               led.o
    0x080018ac   0x080018ac   0x00000150   Code   RO          582    .text               debug.o
    0x080019fc   0x080019fc   0x000003ac   Code   RO          597    .text               light.o
    0x08001da8   0x08001da8   0x000007ac   Code   RO          613    .text               i2c_oled.o
    0x08002554   0x08002554   0x00000220   Code   RO          638    .text               i2c_oled_analog.o
    0x08002774   0x08002774   0x0000011c   Code   RO          650    .text               smog.o
    0x08002890   0x08002890   0x0000018c   Code   RO          665    .text               temp.o
    0x08002a1c   0x08002a1c   0x000000e4   Code   RO          678    .text               systick.o
    0x08002b00   0x08002b00   0x00000034   Code   RO          700    .text               fan.o
    0x08002b34   0x08002b34   0x00000130   Code   RO          715    .text               speaker.o
    0x08002c64   0x08002c64   0x0000011c   Code   RO          730    .text               bluetooth.o
    0x08002d80   0x08002d80   0x00000024   Code   RO          839    .text               mc_w.l(strstr.o)
    0x08002da4   0x08002da4   0x00000064   Code   RO         1102    .text               mf_w.l(fmul.o)
    0x08002e08   0x08002e08   0x0000007c   Code   RO         1104    .text               mf_w.l(fdiv.o)
    0x08002e84   0x08002e84   0x000000e4   Code   RO         1106    .text               mf_w.l(dmul.o)
    0x08002f68   0x08002f68   0x000000de   Code   RO         1108    .text               mf_w.l(ddiv.o)
    0x08003046   0x08003046   0x0000000a   Code   RO         1110    .text               mf_w.l(ffltui.o)
    0x08003050   0x08003050   0x0000001a   Code   RO         1112    .text               mf_w.l(dfltui.o)
    0x0800306a   0x0800306a   0x00000032   Code   RO         1114    .text               mf_w.l(ffixi.o)
    0x0800309c   0x0800309c   0x00000026   Code   RO         1116    .text               mf_w.l(f2d.o)
    0x080030c2   0x080030c2   0x00000002   PAD
    0x080030c4   0x080030c4   0x00000030   Code   RO         1118    .text               mf_w.l(cdcmple.o)
    0x080030f4   0x080030f4   0x00000030   Code   RO         1120    .text               mf_w.l(cdrcmple.o)
    0x08003124   0x08003124   0x00000038   Code   RO         1122    .text               mf_w.l(d2f.o)
    0x0800315c   0x0800315c   0x0000002c   Code   RO         1139    .text               mc_w.l(uidiv.o)
    0x08003188   0x08003188   0x00000062   Code   RO         1141    .text               mc_w.l(uldiv.o)
    0x080031ea   0x080031ea   0x00000000   Code   RO         1143    .text               mc_w.l(iusefp.o)
    0x080031ea   0x080031ea   0x0000006e   Code   RO         1144    .text               mf_w.l(fepilogue.o)
    0x08003258   0x08003258   0x000000ba   Code   RO         1146    .text               mf_w.l(depilogue.o)
    0x08003312   0x08003312   0x0000014e   Code   RO         1148    .text               mf_w.l(dadd.o)
    0x08003460   0x08003460   0x00000030   Code   RO         1150    .text               mf_w.l(dfixul.o)
    0x08003490   0x08003490   0x00000024   Code   RO         1152    .text               mc_w.l(init.o)
    0x080034b4   0x080034b4   0x0000001e   Code   RO         1154    .text               mc_w.l(llshl.o)
    0x080034d2   0x080034d2   0x00000020   Code   RO         1156    .text               mc_w.l(llushr.o)
    0x080034f2   0x080034f2   0x00000024   Code   RO         1158    .text               mc_w.l(llsshr.o)
    0x08003516   0x08003516   0x00000002   PAD
    0x08003518   0x08003518   0x00000020   Code   RO         1074    i.__0printf         mc_w.l(printfa.o)
    0x08003538   0x08003538   0x00000028   Code   RO         1076    i.__0sprintf        mc_w.l(printfa.o)
    0x08003560   0x08003560   0x0000000e   Code   RO         1162    i.__scatterload_copy  mc_w.l(handlers.o)
    0x0800356e   0x0800356e   0x00000002   Code   RO         1163    i.__scatterload_null  mc_w.l(handlers.o)
    0x08003570   0x08003570   0x0000000e   Code   RO         1164    i.__scatterload_zeroinit  mc_w.l(handlers.o)
    0x0800357e   0x0800357e   0x00000002   PAD
    0x08003580   0x08003580   0x00000184   Code   RO         1081    i._fp_digits        mc_w.l(printfa.o)
    0x08003704   0x08003704   0x000006dc   Code   RO         1082    i._printf_core      mc_w.l(printfa.o)
    0x08003de0   0x08003de0   0x00000024   Code   RO         1083    i._printf_post_padding  mc_w.l(printfa.o)
    0x08003e04   0x08003e04   0x0000002e   Code   RO         1084    i._printf_pre_padding  mc_w.l(printfa.o)
    0x08003e32   0x08003e32   0x0000000a   Code   RO         1086    i._sputc            mc_w.l(printfa.o)
    0x08003e3c   0x08003e3c   0x00000005   Data   RO          405    .constdata          main.o
    0x08003e41   0x08003e41   0x0000001d   Data   RO          598    .constdata          light.o
    0x08003e5e   0x08003e5e   0x000007fe   Data   RO          615    .constdata          i2c_oled.o
    0x0800465c   0x0800465c   0x0000000e   Data   RO          666    .constdata          temp.o
    0x0800466a   0x0800466a   0x00000002   PAD
    0x0800466c   0x0800466c   0x00000020   Data   RO         1160    Region$$Table       anon$$obj.o


    Execution Region RW_IRAM1 (Exec base: 0x20000000, Load base: 0x0800468c, Size: 0x000004c8, Max: 0x00010000, ABSOLUTE)

    Exec Addr    Load Addr    Size         Type   Attr      Idx    E Section Name        Object

    0x20000000   0x0800468c   0x00000014   Data   RW           25    .data               system_stm32f10x.o
    0x20000014   0x080046a0   0x00000014   Data   RW          318    .data               stm32f10x_rcc.o
    0x20000028   0x080046b4   0x00000003   Data   RW          406    .data               main.o
    0x2000002b   0x080046b7   0x00000001   Data   RW          545    .data               stm32f10x_it.o
    0x2000002c   0x080046b8   0x00000004   Data   RW          679    .data               systick.o
    0x20000030   0x080046bc   0x00000004   Data   RW         1138    .data               mc_w.l(stdout.o)
    0x20000034        -       0x00000014   Zero   RW          404    .bss                main.o
    0x20000048        -       0x00000080   Zero   RW          614    .bss                i2c_oled.o
    0x200000c8        -       0x00000400   Zero   RW            1    STACK               startup_stm32f10x_hd.o


==============================================================================

Image component sizes


      Code (inc. data)   RO Data    RW Data    ZI Data      Debug   Object Name

       284         10          0          0          0     220381   bluetooth.o
         0          0          0          0          0       4508   core_cm3.o
       336         10          0          0          0       1753   debug.o
        52          4          0          0          0        469   fan.o
      1964        142       2046          0        128       7681   i2c_oled.o
       544          4          0          0          0       2244   i2c_oled_analog.o
       120          6          0          0          0        509   led.o
       940        128         29          0          0       3040   light.o
       868        246          5          3         20     216222   main.o
       220         22          0          0          0       1885   misc.o
       284         12          0          0          0        872   smog.o
       304          8          0          0          0       1238   speaker.o
        36          8        304          0       1024        844   startup_stm32f10x_hd.o
      1102         26          0          0          0      11129   stm32f10x_adc.o
       860         38          0          0          0       5817   stm32f10x_gpio.o
       340         36          0          1          0       2538   stm32f10x_it.o
       932         36          0         20          0       9008   stm32f10x_rcc.o
      1032         22          0          0          0       8544   stm32f10x_usart.o
       480         38          0         20          0     239023   system_stm32f10x.o
       228         32          0          4          0      16879   systick.o
       396         74         14          0          0       1507   temp.o

    ----------------------------------------------------------------------
     11324        902       2432         48       1172     756091   Object Totals
         0          0         32          0          0          0   (incl. Generated)
         2          0          2          0          0          0   (incl. Padding)

    ----------------------------------------------------------------------

      Code (inc. data)   RO Data    RW Data    ZI Data      Debug   Library Member Name

         0          0          0          0          0          0   entry.o
         0          0          0          0          0          0   entry10a.o
         0          0          0          0          0          0   entry11a.o
         8          4          0          0          0          0   entry2.o
         4          0          0          0          0          0   entry5.o
         0          0          0          0          0          0   entry7b.o
         0          0          0          0          0          0   entry8b.o
         8          4          0          0          0          0   entry9a.o
        30          0          0          0          0          0   handlers.o
        36          8          0          0          0         68   init.o
         0          0          0          0          0          0   iusefp.o
        30          0          0          0          0         68   llshl.o
        36          0          0          0          0         68   llsshr.o
        32          0          0          0          0         68   llushr.o
      2308         96          0          0          0        604   printfa.o
         0          0          0          4          0          0   stdout.o
        36          0          0          0          0         80   strstr.o
        44          0          0          0          0         80   uidiv.o
        98          0          0          0          0         92   uldiv.o
        48          0          0          0          0         68   cdcmple.o
        48          0          0          0          0         68   cdrcmple.o
        56          0          0          0          0         88   d2f.o
       334          0          0          0          0        148   dadd.o
       222          0          0          0          0        100   ddiv.o
       186          0          0          0          0        176   depilogue.o
        48          0          0          0          0         68   dfixul.o
        26          0          0          0          0         76   dfltui.o
       228          0          0          0          0         96   dmul.o
        38          0          0          0          0         68   f2d.o
       124          0          0          0          0         88   fdiv.o
       110          0          0          0          0        168   fepilogue.o
        50          0          0          0          0         68   ffixi.o
        10          0          0          0          0         68   ffltui.o
       100          0          0          0          0         76   fmul.o

    ----------------------------------------------------------------------
      4304        112          0          4          0       2552   Library Totals
         6          0          0          0          0          0   (incl. Padding)

    ----------------------------------------------------------------------

      Code (inc. data)   RO Data    RW Data    ZI Data      Debug   Library Name

      2670        112          0          4          0       1128   mc_w.l
      1628          0          0          0          0       1424   mf_w.l

    ----------------------------------------------------------------------
      4304        112          0          4          0       2552   Library Totals

    ----------------------------------------------------------------------

==============================================================================


      Code (inc. data)   RO Data    RW Data    ZI Data      Debug   

     15628       1014       2432         52       1172     755935   Grand Totals
     15628       1014       2432         52       1172     755935   ELF Image Totals
     15628       1014       2432         52          0          0   ROM Totals

==============================================================================

    Total RO  Size (Code + RO Data)                18060 (  17.64kB)
    Total RW  Size (RW Data + ZI Data)              1224 (   1.20kB)
    Total ROM Size (Code + RO Data + RW Data)      18112 (  17.69kB)

==============================================================================

